Archive member included to satisfy reference by file (symbol)

cpu/br28/liba/cpu.a(crc16.c.o)
                              objs/cpu/br28/setup.c.o (symbol from plugin) (__crc16_mutex_init)
cpu/br28/liba/cpu.a(uart.c.o)
                              objs/apps/common/device/gSensor/gSensor_manage.c.o (symbol from plugin) (delay)
cpu/br28/liba/cpu.a(clock.c.o)
                              objs/cpu/br28/audio_link.c.o (symbol from plugin) (clock_get_pll_target_frequency)
cpu/br28/liba/cpu.a(gpio.c.o)
                              objs/apps/common/device/usb/usb_config.c.o (symbol from plugin) (usb_iomode)
cpu/br28/liba/cpu.a(timer.c.o)
                              objs/cpu/br28/ui_driver/lcd_drive/lcd_spi/lcd_qspi_ST77916_320x386.c.o (symbol from plugin) (delay_2ms)
cpu/br28/liba/cpu.a(sd.c.o)   objs/apps/watch/board/br28/board_701n_lvgl_demo/board_701n_lvgl_demo.c.o (symbol from plugin) (sdmmc_0_port_init)
cpu/br28/liba/cpu.a(usb.c.o)  objs/apps/common/device/usb/usb_config.c.o (symbol from plugin) (usb_sofie_enable)
cpu/br28/liba/cpu.a(wdt.c.o)  objs/apps/watch/common/init.c.o (symbol from plugin) (wdt_close)
cpu/br28/liba/cpu.a(efuse.c.o)
                              objs/cpu/br28/charge.c.o (symbol from plugin) (get_vbat_trim)
cpu/br28/liba/cpu.a(encryption.c.o)
                              objs/apps/common/config/new_cfg_tool.c.o (symbol from plugin) (doe)
cpu/br28/liba/cpu.a(debug.c.o)
                              objs/cpu/br28/user_p11_cmd.c.o (symbol from plugin) (get_dev_id)
cpu/br28/liba/cpu.a(sfc_spi.c.o)
                              clock.c.o (symbol from plugin) (sfc1_suspend)
cpu/br28/liba/cpu.a(dma_copy.c.o)
                              objs/cpu/br28/ui_driver/imb_demo.c.o (symbol from plugin) (dma_memcpy_wait_idle)
cpu/br28/liba/cpu.a(cache.c.o)
                              objs/cpu/br28/psram.c.o (symbol from plugin) (DcuFlushAll)
cpu/br28/liba/cpu.a(vm.c.o)   objs/apps/common/device/norflash/inside_norflash.c.o (symbol from plugin) (sfc_protect_lock)
cpu/br28/liba/cpu.a(debug_record.c.o)
                              debug.c.o (symbol from plugin) (debug_exception_record)
cpu/br28/liba/cpu.a(driver_record.c.o)
                              debug_record.c.o (symbol from plugin) (drvier_record_enable)
cpu/br28/liba/cpu.a(system_record.c.o)
                              debug_record.c.o (symbol from plugin) (system_record_enable)
cpu/br28/liba/cpu.a(power_driver.c.o)
                              clock.c.o (symbol from plugin) (deepsleep_post_system_and_core)
cpu/br28/liba/cpu.a(rtc.c.o)  power_driver.c.o (symbol from plugin) (poweroff_save_rtc_time)
cpu/br28/liba/cpu.a(power_trim.c.o)
                              objs/cpu/br28/power/power_trim.c.o (symbol from plugin) (get_wvdd_trim_level)
cpu/br28/liba/cpu.a(lp_ipc.c.o)
                              objs/cpu/br28/charge.c.o (symbol from plugin) (msys_to_p11_common_cmd)
cpu/br28/liba/cpu.a(power_reset.c.o)
                              objs/cpu/br28/setup.c.o (symbol from plugin) (reset_source_dump)
cpu/br28/liba/cpu.a(power_compat.c.o)
                              objs/apps/watch/power_manage/app_charge.c.o (symbol from plugin) (cpu_reset_by_soft)
cpu/br28/liba/cpu.a(power_wakeup.c.o)
                              objs/apps/watch/board/br28/board_701n_lvgl_demo/board_701n_lvgl_demo.c.o (symbol from plugin) (power_wakeup_init)
cpu/br28/liba/cpu.a(p33.c.o)  power_wakeup.c.o (symbol from plugin) (P33_DUMP_WKUP)
cpu/br28/liba/cpu.a(reset.c.o)
                              power_reset.c.o (symbol from plugin) (hw_p33_reset_source_dump)
cpu/br28/liba/cpu.a(p33_io.c.o)
                              power_wakeup.c.o (symbol from plugin) (hw_power_set_wakeup_io)
cpu/br28/liba/cpu.a(port.c.o)
                              objs/cpu/br28/power/power_port.c.o (symbol from plugin) (port_protect)
cpu/br28/liba/cpu.a(lrc.c.o)  objs/cpu/br28/pwm_led.c.o (symbol from plugin) (__get_lrc_hz)
cpu/br28/liba/cpu.a(poff_bk.c.o)
                              power_driver.c.o (symbol from plugin) (rom_gpio_enter_deep_sleep)
cpu/br28/liba/cpu.a(cap_rch.c.o)
                              objs/cpu/br28/power/power_trim.c.o (symbol from plugin) (cap_rch_enable)
cpu/br28/liba/cpu.a(power_hw.c.o)
                              power_driver.c.o (symbol from plugin) (standby_mode_enter)
cpu/br28/liba/cpu.a(lptmr.c.o)
                              power_driver.c.o (symbol from plugin) (__lp_timer_dump)
cpu/br28/liba/cpu.a(power_analog.c.o)
                              power_driver.c.o (symbol from plugin) (__hw_power_init)
cpu/br28/liba/cpu.a(power_clock.c.o)
                              power_driver.c.o (symbol from plugin) (is_lowpower_anc_active)
cpu/br28/liba/cpu.a(power_sfc.c.o)
                              power_driver.c.o (symbol from plugin) (hw_flash_pwr_en)
cpu/br28/liba/cpu.a(sdx_dev.c.o)
                              objs/apps/common/dev_manager/dev_manager.c.o (symbol from plugin) (sdx_dev_detect_timer_del)
cpu/br28/liba/cpu.a(sdx_driver.c.o)
[...]
Memory Configuration

Name             Origin             Length             Attributes
code0            0x06000120         0x00200000         xr
ram0             0x00100000         0x0009fb80         xrw
psram            0x02000000         0x00200000         xrw
*default*        0x00000000         0xffffffff

Linker script and memory map

LOAD objs/apps/common/audio/audio_digital_vol.c.o
LOAD cpu/br28/tools/sdk.elf.o
LOAD objs/apps/common/audio/decode/decode.c.o
LOAD objs/apps/common/audio/encode/encode_write_file.c.o
LOAD objs/apps/common/audio/sine_make.c.o
LOAD objs/apps/common/audio/uartPcmSender.c.o
LOAD objs/apps/common/bt_common/bt_test_api.c.o
LOAD objs/apps/common/cJSON/cJSON.c.o
LOAD objs/apps/common/config/app_config.c.o
LOAD objs/apps/common/config/bt_profile_config.c.o
LOAD objs/apps/common/config/ci_transport_uart.c.o
LOAD objs/apps/common/config/new_cfg_tool.c.o
LOAD objs/apps/common/debug/data_export/data_export.c.o
LOAD objs/apps/common/debug/data_export/data_export_to_file.c.o
LOAD objs/apps/common/debug/debug.c.o
LOAD objs/apps/common/debug/debug_lite.c.o
LOAD objs/apps/common/dev_manager/dev_manager.c.o
LOAD objs/apps/common/dev_manager/dev_reg.c.o
LOAD objs/apps/common/dev_manager/dev_update.c.o
LOAD objs/apps/common/device/bmp280/bmp280.c.o
LOAD objs/apps/common/device/detection.c.o
LOAD objs/apps/common/device/gSensor/SC7A20.c.o
LOAD objs/apps/common/device/gSensor/gSensor_manage.c.o
LOAD objs/apps/common/device/gSensor/mc3433.c.o
LOAD objs/apps/common/device/gSensor/mpu6050.c.o
LOAD objs/apps/common/device/gSensor/msa310.c.o
LOAD objs/apps/common/device/gSensor/msa310_function.c.o
LOAD objs/apps/common/device/gSensor/p11_gsensor.c.o
LOAD objs/apps/common/device/gSensor/silan/silan_motion_module.c.o
LOAD objs/apps/common/device/hr_sensor/hrSensor_manage.c.o
LOAD objs/apps/common/device/hr_sensor/hrs3300.c.o
LOAD objs/apps/common/device/hr_sensor/hrs3603.c.o
LOAD objs/apps/common/device/hr_sensor/p11_hrsensor.c.o
LOAD objs/apps/common/device/hr_sensor/vchr02/module_heart_vc_int.c.o
LOAD objs/apps/common/device/hr_sensor/vchr02/vcHr02Hci.c.o
LOAD objs/apps/common/device/imu_sensor/imuSensor_manage.c.o
LOAD objs/apps/common/device/imu_sensor/mpu6887/mpu6887p.c.o
LOAD objs/apps/common/device/imu_sensor/mpu9250/mpu9250.c.o
LOAD objs/apps/common/device/imu_sensor/sh3001/sh3001.c.o
LOAD objs/apps/common/device/key/adkey.c.o
LOAD objs/apps/common/device/key/iokey.c.o
LOAD objs/apps/common/device/key/irkey.c.o
LOAD objs/apps/common/device/key/key_driver.c.o
LOAD objs/apps/common/device/key/rdec_key.c.o
LOAD objs/apps/common/device/key/touch_key.c.o
LOAD objs/apps/common/device/nandflash/nandflash.c.o
LOAD objs/apps/common/device/nfc/nfc_fm11nt081d.c.o
LOAD objs/apps/common/device/norflash/inside_norflash.c.o
LOAD objs/apps/common/device/norflash/norflash.c.o
LOAD objs/apps/common/device/norflash/norflash_sfc.c.o
LOAD objs/apps/common/device/touch_panel/IT7259E.c.o
LOAD objs/apps/common/device/touch_panel/bl6133.c.o
LOAD objs/apps/common/device/touch_panel/bl_fw_update.c.o
LOAD objs/apps/common/device/touch_panel/cst816d/cst816d.c.o
LOAD objs/apps/common/device/touch_panel/cst816s/cst816s.c.o
LOAD objs/apps/common/device/touch_panel/ft6336g.c.o
LOAD objs/apps/common/device/touch_panel/spt511x/spt511x_firmware_customer.c.o
LOAD objs/apps/common/device/usb/device/cdc.c.o
LOAD objs/apps/common/device/usb/device/custom_hid.c.o
LOAD objs/apps/common/device/usb/device/descriptor.c.o
LOAD objs/apps/common/device/usb/device/hid.c.o
LOAD objs/apps/common/device/usb/device/msd.c.o
LOAD objs/apps/common/device/usb/device/msd_upgrade.c.o
LOAD objs/apps/common/device/usb/device/rcsp_hid_inter.c.o
LOAD objs/apps/common/device/usb/device/task_pc.c.o
LOAD objs/apps/common/device/usb/device/uac1.c.o
LOAD objs/apps/common/device/usb/device/uac_stream.c.o
LOAD objs/apps/common/device/usb/device/usb_device.c.o
LOAD objs/apps/common/device/usb/device/user_setup.c.o
LOAD objs/apps/common/device/usb/host/adb.c.o
LOAD objs/apps/common/device/usb/host/aoa.c.o
LOAD objs/apps/common/device/usb/host/audio.c.o
LOAD objs/apps/common/device/usb/host/audio_demo.c.o
LOAD objs/apps/common/device/usb/host/hid.c.o
LOAD objs/apps/common/device/usb/host/usb_bulk_transfer.c.o
LOAD objs/apps/common/device/usb/host/usb_ctrl_transfer.c.o
LOAD objs/apps/common/device/usb/host/usb_host.c.o
LOAD objs/apps/common/device/usb/host/usb_storage.c.o
LOAD objs/apps/common/device/usb/usb_config.c.o
LOAD objs/apps/common/device/usb/usb_host_config.c.o
LOAD objs/apps/common/fat_nor/nandflash_ftl.c.o
LOAD objs/apps/common/fat_nor/nor_fs.c.o
LOAD objs/apps/common/fat_nor/phone_rec_fs.c.o
LOAD objs/apps/common/fat_nor/virfat_flash.c.o
LOAD objs/apps/common/file_operate/file_api.c.o
LOAD objs/apps/common/file_operate/file_bs_deal.c.o
LOAD objs/apps/common/file_operate/file_manager.c.o
LOAD objs/apps/common/music/breakpoint.c.o
LOAD objs/apps/common/music/general_player.c.o
LOAD objs/apps/common/music/music_decrypt.c.o
LOAD objs/apps/common/music/music_id3.c.o
LOAD objs/apps/common/music/music_player.c.o
LOAD objs/apps/common/pay/upay_aliyun/src/aos/aos_memory.c.o
LOAD objs/apps/common/pay/upay_aliyun/src/aos/aos_mutex.c.o
LOAD objs/apps/common/pay/upay_aliyun/src/aos/aos_queue.c.o
LOAD objs/apps/common/pay/upay_aliyun/src/aos/aos_sem.c.o
LOAD objs/apps/common/pay/upay_aliyun/src/aos/aos_system.c.o
LOAD objs/apps/common/pay/upay_aliyun/src/aos/aos_task.c.o
LOAD objs/apps/common/pay/upay_aliyun/src/aos/aos_time.c.o
LOAD objs/apps/common/pay/upay_aliyun/src/aos/aos_timer.c.o
LOAD objs/apps/common/pay/upay_aliyun/src/aos_api_test.c.o
LOAD objs/apps/common/pay/upay_aliyun/src/bizbus_hal.c.o
LOAD objs/apps/common/pay/upay_aliyun/src/upay_demo.c.o
LOAD objs/apps/common/pay/upay_aliyun/src/upay_storage.c.o
LOAD objs/apps/common/pay/upay_aliyun/src/upay_vendor.c.o
LOAD objs/apps/common/pay/upay_t_head/soc/se/JL/hsc32i1/hs_private.c.o
LOAD objs/apps/common/pay/upay_t_head/soc/se/JL/hsc32i1/hs_test.c.o
LOAD objs/apps/common/pay/upay_t_head/soc/se/JL/vendor_cache.c.o
LOAD objs/apps/common/pay/upay_t_head/soc/se/JL/vendor_crypto.c.o
LOAD objs/apps/common/pay/upay_t_head/soc/se/JL/vendor_product.c.o
LOAD objs/apps/common/pay/upay_t_head/soc/se/JL/vendor_rot.c.o
LOAD objs/apps/common/pay/upay_t_head/soc/se/JL/vendor_ssp.c.o
LOAD objs/apps/common/pay/upay_t_head/soc/softse/aes.c.o
LOAD objs/apps/common/pay/upay_t_head/soc/softse/kdf.c.o
LOAD objs/apps/common/pay/upay_t_head/soc/softse/sha256.c.o
LOAD objs/apps/common/pay/upay_t_head/soc/softse/utils.c.o
LOAD objs/apps/common/pay/upay_t_head/soc/test/test_api.c.o
LOAD objs/apps/common/pay/upay_t_head/soc/test/test_crypto_hal.c.o
LOAD objs/apps/common/pay/upay_t_head/soc/test/test_ssp_hal.c.o
LOAD objs/apps/common/pay/upay_t_head/soc/test/yunit.c.o
LOAD objs/apps/common/pay/upay_t_head/soc/test/yunit_test_main.c.o
LOAD objs/apps/common/temp_trim/dtemp_pll_trim.c.o
LOAD objs/apps/common/third_party_profile/common/3th_profile_api.c.o
LOAD objs/apps/common/third_party_profile/common/custom_cfg.c.o
LOAD objs/apps/common/third_party_profile/jieli/le_client_demo.c.o
LOAD objs/apps/common/third_party_profile/jieli/online_db/online_db_deal.c.o
LOAD objs/apps/common/third_party_profile/jieli/online_db/spp_online_db.c.o
LOAD objs/apps/common/third_party_profile/jieli/trans_data_demo/le_trans_data.c.o
LOAD objs/apps/common/third_party_profile/jieli/trans_data_demo/spp_trans_data.c.o
LOAD objs/apps/common/timestamp/timestamp.c.o
LOAD objs/apps/common/uC-Shell/Cmd/General/sh_shell.c.o
LOAD objs/apps/common/uC-Shell/Source/shell.c.o
LOAD objs/apps/common/uC-Shell/Terminal/Mode/VT100/terminal_mode.c.o
LOAD objs/apps/common/uC-Shell/Terminal/OS/uCOS-II/terminal_os.c.o
LOAD objs/apps/common/uC-Shell/Terminal/Serial/Template/terminal_serial.c.o
LOAD objs/apps/common/uC-Shell/Terminal/Source/terminal.c.o
LOAD objs/apps/common/uC-Shell/shell_main.c.o
LOAD objs/apps/common/ui/lcd/lcd_ui_api.c.o
LOAD objs/apps/common/ui/led7/led7_ui_api.c.o
LOAD objs/apps/common/ui/lvgl/src/core/lv_disp.c.o
LOAD objs/apps/common/ui/lvgl/src/core/lv_event.c.o
LOAD objs/apps/common/ui/lvgl/src/core/lv_group.c.o
LOAD objs/apps/common/ui/lvgl/src/core/lv_indev.c.o
LOAD objs/apps/common/ui/lvgl/src/core/lv_indev_scroll.c.o
LOAD objs/apps/common/ui/lvgl/src/core/lv_obj.c.o
LOAD objs/apps/common/ui/lvgl/src/core/lv_obj_class.c.o
LOAD objs/apps/common/ui/lvgl/src/core/lv_obj_draw.c.o
LOAD objs/apps/common/ui/lvgl/src/core/lv_obj_pos.c.o
LOAD objs/apps/common/ui/lvgl/src/core/lv_obj_scroll.c.o
LOAD objs/apps/common/ui/lvgl/src/core/lv_obj_style.c.o
LOAD objs/apps/common/ui/lvgl/src/core/lv_obj_style_gen.c.o
LOAD objs/apps/common/ui/lvgl/src/core/lv_obj_tree.c.o
LOAD objs/apps/common/ui/lvgl/src/core/lv_refr.c.o
LOAD objs/apps/common/ui/lvgl/src/core/lv_theme.c.o
LOAD objs/apps/common/ui/lvgl/src/draw/lv_draw.c.o
LOAD objs/apps/common/ui/lvgl/src/draw/lv_draw_arc.c.o
LOAD objs/apps/common/ui/lvgl/src/draw/lv_draw_img.c.o
LOAD objs/apps/common/ui/lvgl/src/draw/lv_draw_label.c.o
LOAD objs/apps/common/ui/lvgl/src/draw/lv_draw_layer.c.o
LOAD objs/apps/common/ui/lvgl/src/draw/lv_draw_line.c.o
LOAD objs/apps/common/ui/lvgl/src/draw/lv_draw_mask.c.o
LOAD objs/apps/common/ui/lvgl/src/draw/lv_draw_rect.c.o
LOAD objs/apps/common/ui/lvgl/src/draw/lv_draw_transform.c.o
LOAD objs/apps/common/ui/lvgl/src/draw/lv_draw_triangle.c.o
LOAD objs/apps/common/ui/lvgl/src/draw/lv_img_buf.c.o
LOAD objs/apps/common/ui/lvgl/src/draw/lv_img_cache.c.o
LOAD objs/apps/common/ui/lvgl/src/draw/lv_img_decoder.c.o
LOAD objs/apps/common/ui/lvgl/src/draw/arm2d/lv_gpu_arm2d.c.o
LOAD objs/apps/common/ui/lvgl/src/draw/nxp/pxp/lv_draw_pxp.c.o
LOAD objs/apps/common/ui/lvgl/src/draw/nxp/pxp/lv_draw_pxp_blend.c.o
LOAD objs/apps/common/ui/lvgl/src/draw/nxp/pxp/lv_gpu_nxp_pxp.c.o
LOAD objs/apps/common/ui/lvgl/src/draw/nxp/pxp/lv_gpu_nxp_pxp_osa.c.o
LOAD objs/apps/common/ui/lvgl/src/draw/nxp/vglite/lv_draw_vglite.c.o
LOAD objs/apps/common/ui/lvgl/src/draw/nxp/vglite/lv_draw_vglite_arc.c.o
LOAD objs/apps/common/ui/lvgl/src/draw/nxp/vglite/lv_draw_vglite_blend.c.o
LOAD objs/apps/common/ui/lvgl/src/draw/nxp/vglite/lv_draw_vglite_line.c.o
LOAD objs/apps/common/ui/lvgl/src/draw/nxp/vglite/lv_draw_vglite_rect.c.o
LOAD objs/apps/common/ui/lvgl/src/draw/nxp/vglite/lv_vglite_buf.c.o
LOAD objs/apps/common/ui/lvgl/src/draw/nxp/vglite/lv_vglite_utils.c.o
LOAD objs/apps/common/ui/lvgl/src/draw/sdl/lv_draw_sdl.c.o
LOAD objs/apps/common/ui/lvgl/src/draw/sdl/lv_draw_sdl_arc.c.o
LOAD objs/apps/common/ui/lvgl/src/draw/sdl/lv_draw_sdl_bg.c.o
LOAD objs/apps/common/ui/lvgl/src/draw/sdl/lv_draw_sdl_composite.c.o
LOAD objs/apps/common/ui/lvgl/src/draw/sdl/lv_draw_sdl_img.c.o
LOAD objs/apps/common/ui/lvgl/src/draw/sdl/lv_draw_sdl_label.c.o
LOAD objs/apps/common/ui/lvgl/src/draw/sdl/lv_draw_sdl_layer.c.o
LOAD objs/apps/common/ui/lvgl/src/draw/sdl/lv_draw_sdl_line.c.o
LOAD objs/apps/common/ui/lvgl/src/draw/sdl/lv_draw_sdl_mask.c.o
LOAD objs/apps/common/ui/lvgl/src/draw/sdl/lv_draw_sdl_polygon.c.o
LOAD objs/apps/common/ui/lvgl/src/draw/sdl/lv_draw_sdl_rect.c.o
LOAD objs/apps/common/ui/lvgl/src/draw/sdl/lv_draw_sdl_stack_blur.c.o
LOAD objs/apps/common/ui/lvgl/src/draw/sdl/lv_draw_sdl_texture_cache.c.o
LOAD objs/apps/common/ui/lvgl/src/draw/sdl/lv_draw_sdl_utils.c.o
LOAD objs/apps/common/ui/lvgl/src/draw/stm32_dma2d/lv_gpu_stm32_dma2d.c.o
LOAD objs/apps/common/ui/lvgl/src/draw/sw/lv_draw_sw.c.o
LOAD objs/apps/common/ui/lvgl/src/draw/sw/lv_draw_sw_arc.c.o
LOAD objs/apps/common/ui/lvgl/src/draw/sw/lv_draw_sw_blend.c.o
LOAD objs/apps/common/ui/lvgl/src/draw/sw/lv_draw_sw_dither.c.o
LOAD objs/apps/common/ui/lvgl/src/draw/sw/lv_draw_sw_gradient.c.o
LOAD objs/apps/common/ui/lvgl/src/draw/sw/lv_draw_sw_img.c.o
LOAD objs/apps/common/ui/lvgl/src/draw/sw/lv_draw_sw_layer.c.o
LOAD objs/apps/common/ui/lvgl/src/draw/sw/lv_draw_sw_letter.c.o
LOAD objs/apps/common/ui/lvgl/src/draw/sw/lv_draw_sw_line.c.o
LOAD objs/apps/common/ui/lvgl/src/draw/sw/lv_draw_sw_polygon.c.o
LOAD objs/apps/common/ui/lvgl/src/draw/sw/lv_draw_sw_rect.c.o
LOAD objs/apps/common/ui/lvgl/src/draw/sw/lv_draw_sw_transform.c.o
LOAD objs/apps/common/ui/lvgl/src/draw/swm341_dma2d/lv_gpu_swm341_dma2d.c.o
LOAD objs/apps/common/ui/lvgl/src/extra/lv_extra.c.o
LOAD objs/apps/common/ui/lvgl/src/extra/layouts/flex/lv_flex.c.o
LOAD objs/apps/common/ui/lvgl/src/extra/layouts/grid/lv_grid.c.o
LOAD objs/apps/common/ui/lvgl/src/extra/libs/bmp/lv_bmp.c.o
LOAD objs/apps/common/ui/lvgl/src/extra/libs/ffmpeg/lv_ffmpeg.c.o
LOAD objs/apps/common/ui/lvgl/src/extra/libs/freetype/lv_freetype.c.o
LOAD objs/apps/common/ui/lvgl/src/extra/libs/fsdrv/lv_fs_fatfs.c.o
LOAD objs/apps/common/ui/lvgl/src/extra/libs/fsdrv/lv_fs_posix.c.o
LOAD objs/apps/common/ui/lvgl/src/extra/libs/fsdrv/lv_fs_stdio.c.o
LOAD objs/apps/common/ui/lvgl/src/extra/libs/fsdrv/lv_fs_win32.c.o
LOAD objs/apps/common/ui/lvgl/src/extra/libs/gif/gifdec.c.o
LOAD objs/apps/common/ui/lvgl/src/extra/libs/gif/lv_gif.c.o
LOAD objs/apps/common/ui/lvgl/src/extra/libs/png/lodepng.c.o
LOAD objs/apps/common/ui/lvgl/src/extra/libs/png/lv_png.c.o
LOAD objs/apps/common/ui/lvgl/src/extra/libs/qrcode/lv_qrcode.c.o
LOAD objs/apps/common/ui/lvgl/src/extra/libs/qrcode/qrcodegen.c.o
LOAD objs/apps/common/ui/lvgl/src/extra/libs/rlottie/lv_rlottie.c.o
LOAD objs/apps/common/ui/lvgl/src/extra/libs/sjpg/lv_sjpg.c.o
LOAD objs/apps/common/ui/lvgl/src/extra/libs/sjpg/tjpgd.c.o
LOAD objs/apps/common/ui/lvgl/src/extra/others/fragment/lv_fragment.c.o
LOAD objs/apps/common/ui/lvgl/src/extra/others/fragment/lv_fragment_manager.c.o
LOAD objs/apps/common/ui/lvgl/src/extra/others/gridnav/lv_gridnav.c.o
LOAD objs/apps/common/ui/lvgl/src/extra/others/ime/lv_ime_pinyin.c.o
LOAD objs/apps/common/ui/lvgl/src/extra/others/imgfont/lv_imgfont.c.o
LOAD objs/apps/common/ui/lvgl/src/extra/others/monkey/lv_monkey.c.o
LOAD objs/apps/common/ui/lvgl/src/extra/others/msg/lv_msg.c.o
LOAD objs/apps/common/ui/lvgl/src/extra/others/snapshot/lv_snapshot.c.o
LOAD objs/apps/common/ui/lvgl/src/extra/themes/basic/lv_theme_basic.c.o
LOAD objs/apps/common/ui/lvgl/src/extra/themes/default/lv_theme_default.c.o
LOAD objs/apps/common/ui/lvgl/src/extra/themes/mono/lv_theme_mono.c.o
LOAD objs/apps/common/ui/lvgl/src/extra/widgets/animimg/lv_animimg.c.o
LOAD objs/apps/common/ui/lvgl/src/extra/widgets/calendar/lv_calendar.c.o
LOAD objs/apps/common/ui/lvgl/src/extra/widgets/calendar/lv_calendar_header_arrow.c.o
LOAD objs/apps/common/ui/lvgl/src/extra/widgets/calendar/lv_calendar_header_dropdown.c.o
LOAD objs/apps/common/ui/lvgl/src/extra/widgets/chart/lv_chart.c.o
LOAD objs/apps/common/ui/lvgl/src/extra/widgets/colorwheel/lv_colorwheel.c.o
LOAD objs/apps/common/ui/lvgl/src/extra/widgets/imgbtn/lv_imgbtn.c.o
LOAD objs/apps/common/ui/lvgl/src/extra/widgets/keyboard/lv_keyboard.c.o
LOAD objs/apps/common/ui/lvgl/src/extra/widgets/led/lv_led.c.o
LOAD objs/apps/common/ui/lvgl/src/extra/widgets/list/lv_list.c.o
LOAD objs/apps/common/ui/lvgl/src/extra/widgets/menu/lv_menu.c.o
LOAD objs/apps/common/ui/lvgl/src/extra/widgets/meter/lv_meter.c.o
LOAD objs/apps/common/ui/lvgl/src/extra/widgets/msgbox/lv_msgbox.c.o
LOAD objs/apps/common/ui/lvgl/src/extra/widgets/span/lv_span.c.o
LOAD objs/apps/common/ui/lvgl/src/extra/widgets/spinbox/lv_spinbox.c.o
LOAD objs/apps/common/ui/lvgl/src/extra/widgets/spinner/lv_spinner.c.o
LOAD objs/apps/common/ui/lvgl/src/extra/widgets/tabview/lv_tabview.c.o
LOAD objs/apps/common/ui/lvgl/src/extra/widgets/tileview/lv_tileview.c.o
LOAD objs/apps/common/ui/lvgl/src/extra/widgets/win/lv_win.c.o
LOAD objs/apps/common/ui/lvgl/src/font/lv_font.c.o
LOAD objs/apps/common/ui/lvgl/src/font/lv_font_dejavu_16_persian_hebrew.c.o
LOAD objs/apps/common/ui/lvgl/src/font/lv_font_fmt_txt.c.o
LOAD objs/apps/common/ui/lvgl/src/font/lv_font_loader.c.o
LOAD objs/apps/common/ui/lvgl/src/font/lv_font_montserrat_10.c.o
LOAD objs/apps/common/ui/lvgl/src/font/lv_font_montserrat_12.c.o
LOAD objs/apps/common/ui/lvgl/src/font/lv_font_montserrat_12_subpx.c.o
LOAD objs/apps/common/ui/lvgl/src/font/lv_font_montserrat_14.c.o
LOAD objs/apps/common/ui/lvgl/src/font/lv_font_montserrat_16.c.o
LOAD objs/apps/common/ui/lvgl/src/font/lv_font_montserrat_18.c.o
LOAD objs/apps/common/ui/lvgl/src/font/lv_font_montserrat_20.c.o
LOAD objs/apps/common/ui/lvgl/src/font/lv_font_montserrat_22.c.o
LOAD objs/apps/common/ui/lvgl/src/font/lv_font_montserrat_24.c.o
LOAD objs/apps/common/ui/lvgl/src/font/lv_font_montserrat_26.c.o
LOAD objs/apps/common/ui/lvgl/src/font/lv_font_montserrat_28.c.o
LOAD objs/apps/common/ui/lvgl/src/font/lv_font_montserrat_28_compressed.c.o
LOAD objs/apps/common/ui/lvgl/src/font/lv_font_montserrat_30.c.o
LOAD objs/apps/common/ui/lvgl/src/font/lv_font_montserrat_32.c.o
LOAD objs/apps/common/ui/lvgl/src/font/lv_font_montserrat_34.c.o
LOAD objs/apps/common/ui/lvgl/src/font/lv_font_montserrat_36.c.o
LOAD objs/apps/common/ui/lvgl/src/font/lv_font_montserrat_38.c.o
LOAD objs/apps/common/ui/lvgl/src/font/lv_font_montserrat_40.c.o
LOAD objs/apps/common/ui/lvgl/src/font/lv_font_montserrat_42.c.o
LOAD objs/apps/common/ui/lvgl/src/font/lv_font_montserrat_44.c.o
LOAD objs/apps/common/ui/lvgl/src/font/lv_font_montserrat_46.c.o
LOAD objs/apps/common/ui/lvgl/src/font/lv_font_montserrat_48.c.o
LOAD objs/apps/common/ui/lvgl/src/font/lv_font_montserrat_8.c.o
LOAD objs/apps/common/ui/lvgl/src/font/lv_font_simsun_16_cjk.c.o
LOAD objs/apps/common/ui/lvgl/src/font/lv_font_unscii_16.c.o
LOAD objs/apps/common/ui/lvgl/src/font/lv_font_unscii_8.c.o
LOAD objs/apps/common/ui/lvgl/src/hal/lv_hal_disp.c.o
LOAD objs/apps/common/ui/lvgl/src/hal/lv_hal_indev.c.o
LOAD objs/apps/common/ui/lvgl/src/hal/lv_hal_tick.c.o
LOAD objs/apps/common/ui/lvgl/src/misc/lv_anim.c.o
LOAD objs/apps/common/ui/lvgl/src/misc/lv_anim_timeline.c.o
LOAD objs/apps/common/ui/lvgl/src/misc/lv_area.c.o
LOAD objs/apps/common/ui/lvgl/src/misc/lv_async.c.o
LOAD objs/apps/common/ui/lvgl/src/misc/lv_bidi.c.o
LOAD objs/apps/common/ui/lvgl/src/misc/lv_color.c.o
LOAD objs/apps/common/ui/lvgl/src/misc/lv_fs.c.o
LOAD objs/apps/common/ui/lvgl/src/misc/lv_gc.c.o
LOAD objs/apps/common/ui/lvgl/src/misc/lv_ll.c.o
LOAD objs/apps/common/ui/lvgl/src/misc/lv_log.c.o
LOAD objs/apps/common/ui/lvgl/src/misc/lv_lru.c.o
LOAD objs/apps/common/ui/lvgl/src/misc/lv_math.c.o
LOAD objs/apps/common/ui/lvgl/src/misc/lv_mem.c.o
LOAD objs/apps/common/ui/lvgl/src/misc/lv_printf.c.o
LOAD objs/apps/common/ui/lvgl/src/misc/lv_style.c.o
LOAD objs/apps/common/ui/lvgl/src/misc/lv_style_gen.c.o
LOAD objs/apps/common/ui/lvgl/src/misc/lv_templ.c.o
LOAD objs/apps/common/ui/lvgl/src/misc/lv_timer.c.o
LOAD objs/apps/common/ui/lvgl/src/misc/lv_tlsf.c.o
LOAD objs/apps/common/ui/lvgl/src/misc/lv_txt.c.o
LOAD objs/apps/common/ui/lvgl/src/misc/lv_txt_ap.c.o
LOAD objs/apps/common/ui/lvgl/src/misc/lv_utils.c.o
LOAD objs/apps/common/ui/lvgl/src/widgets/lv_arc.c.o
LOAD objs/apps/common/ui/lvgl/src/widgets/lv_bar.c.o
LOAD objs/apps/common/ui/lvgl/src/widgets/lv_btn.c.o
LOAD objs/apps/common/ui/lvgl/src/widgets/lv_btnmatrix.c.o
LOAD objs/apps/common/ui/lvgl/src/widgets/lv_canvas.c.o
LOAD objs/apps/common/ui/lvgl/src/widgets/lv_checkbox.c.o
LOAD objs/apps/common/ui/lvgl/src/widgets/lv_dropdown.c.o
LOAD objs/apps/common/ui/lvgl/src/widgets/lv_img.c.o
LOAD objs/apps/common/ui/lvgl/src/widgets/lv_label.c.o
LOAD objs/apps/common/ui/lvgl/src/widgets/lv_line.c.o
LOAD objs/apps/common/ui/lvgl/src/widgets/lv_objx_templ.c.o
LOAD objs/apps/common/ui/lvgl/src/widgets/lv_roller.c.o
LOAD objs/apps/common/ui/lvgl/src/widgets/lv_slider.c.o
LOAD objs/apps/common/ui/lvgl/src/widgets/lv_switch.c.o
LOAD objs/apps/common/ui/lvgl/src/widgets/lv_table.c.o
LOAD objs/apps/common/ui/lvgl/src/widgets/lv_textarea.c.o
LOAD objs/apps/common/ui/ui/ui.c.o
LOAD objs/apps/common/ui/ui/ui_helpers.c.o
LOAD objs/apps/common/ui/ui/components/ui_comp.c.o
LOAD objs/apps/common/ui/ui/components/ui_comp_batterygroup.c.o
LOAD objs/apps/common/ui/ui/components/ui_comp_buttondown.c.o
LOAD objs/apps/common/ui/ui/components/ui_comp_buttonround.c.o
LOAD objs/apps/common/ui/ui/components/ui_comp_buttontop.c.o
LOAD objs/apps/common/ui/ui/components/ui_comp_dailymissiongroup.c.o
LOAD objs/apps/common/ui/ui/components/ui_comp_dategroup.c.o
LOAD objs/apps/common/ui/ui/components/ui_comp_forecastgroup.c.o
LOAD objs/apps/common/ui/ui/components/ui_comp_hook.c.o
LOAD objs/apps/common/ui/ui/components/ui_comp_pulsegroup.c.o
LOAD objs/apps/common/ui/ui/components/ui_comp_stepgroup.c.o
LOAD objs/apps/common/ui/ui/components/ui_comp_titlegroup.c.o
LOAD objs/apps/common/ui/ui/components/ui_comp_todayweathergroup.c.o
LOAD objs/apps/common/ui/ui/components/ui_comp_weathergroup1.c.o
LOAD objs/apps/common/ui/ui/fonts/ui_font_H1.c.o
LOAD objs/apps/common/ui/ui/fonts/ui_font_Number_big.c.o
LOAD objs/apps/common/ui/ui/fonts/ui_font_Number_extra.c.o
LOAD objs/apps/common/ui/ui/fonts/ui_font_Subtitle.c.o
LOAD objs/apps/common/ui/ui/fonts/ui_font_Title.c.o
LOAD objs/apps/common/ui/ui/screens/ui_blood_oxy.c.o
LOAD objs/apps/common/ui/ui/screens/ui_blood_pressure.c.o
LOAD objs/apps/common/ui/ui/screens/ui_call.c.o
LOAD objs/apps/common/ui/ui/screens/ui_ecg.c.o
LOAD objs/apps/common/ui/ui/screens/ui_measuing.c.o
LOAD objs/apps/common/ui/ui/screens/ui_watch_analog.c.o
LOAD objs/apps/common/ui/ui/screens/ui_watch_digital.c.o
LOAD objs/apps/common/ui/ui/screens/ui_weather_1.c.o
LOAD objs/apps/common/ui/ui/screens/ui_weather_2.c.o
LOAD objs/apps/common/ui/ui/jl_images/usr_pic_index.c.o
LOAD objs/apps/common/ui/ui/jl_images/FILE_index.c.o
LOAD objs/apps/common/ui/ui/images/ui_img_clockwise_hour_png.c.o
LOAD objs/apps/common/ui/ui/images/ui_img_clockwise_min_png.c.o
LOAD objs/apps/common/ui/ui/images/ui_img_clockwise_sec_png.c.o
LOAD objs/apps/common/ui/ui/images/ui_img_sec_dot_png.c.o
LOAD objs/apps/common/update/ex_flash_file_download.c.o
LOAD objs/apps/common/update/norflash_ufw_update.c.o
LOAD objs/apps/common/update/norflash_update.c.o
LOAD objs/apps/common/update/testbox_update.c.o
LOAD objs/apps/common/update/uart_update.c.o
LOAD objs/apps/common/update/uart_update_master.c.o
LOAD objs/apps/common/update/update.c.o
LOAD objs/apps/common/update/user_file_download/ext_flash_file_download.c.o
LOAD objs/apps/common/update/user_file_download/reserve_file_download.c.o
LOAD objs/apps/common/update/user_file_download/user_file_download.c.o
LOAD objs/apps/watch/aec/br28/audio_aec.c.o
LOAD objs/apps/watch/aec/br28/audio_aec_demo.c.o
LOAD objs/apps/watch/app_main.c.o
LOAD objs/apps/watch/board/br28/board_7012a7_demo/board_7012a7_demo.c.o
LOAD objs/apps/watch/board/br28/board_7012a7_demo/key_table/adkey_table.c.o
LOAD objs/apps/watch/board/br28/board_7012a7_demo/key_table/iokey_table.c.o
LOAD objs/apps/watch/board/br28/board_7012a7_demo/key_table/irkey_table.c.o
LOAD objs/apps/watch/board/br28/board_7012a7_demo/key_table/rdec_key_table.c.o
LOAD objs/apps/watch/board/br28/board_7012a7_demo/key_table/touch_key_table.c.o
LOAD objs/apps/watch/board/br28/board_7012a_demo/board_7012a_demo.c.o
LOAD objs/apps/watch/board/br28/board_7012a_demo/key_table/adkey_table.c.o
LOAD objs/apps/watch/board/br28/board_7012a_demo/key_table/iokey_table.c.o
LOAD objs/apps/watch/board/br28/board_7012a_demo/key_table/irkey_table.c.o
LOAD objs/apps/watch/board/br28/board_7012a_demo/key_table/rdec_key_table.c.o
LOAD objs/apps/watch/board/br28/board_7012a_demo/key_table/touch_key_table.c.o
LOAD objs/apps/watch/board/br28/board_701n_demo/board_701n_demo.c.o
LOAD objs/apps/watch/board/br28/board_701n_demo/key_table/adkey_table.c.o
LOAD objs/apps/watch/board/br28/board_701n_demo/key_table/iokey_table.c.o
LOAD objs/apps/watch/board/br28/board_701n_demo/key_table/irkey_table.c.o
LOAD objs/apps/watch/board/br28/board_701n_demo/key_table/rdec_key_table.c.o
LOAD objs/apps/watch/board/br28/board_701n_demo/key_table/touch_key_table.c.o
LOAD objs/apps/watch/board/br28/board_701n_lvgl_demo/board_701n_lvgl_demo.c.o
LOAD objs/apps/watch/board/br28/board_701n_lvgl_demo/key_table/adkey_table.c.o
LOAD objs/apps/watch/board/br28/board_701n_lvgl_demo/key_table/iokey_table.c.o
LOAD objs/apps/watch/board/br28/board_701n_lvgl_demo/key_table/irkey_table.c.o
LOAD objs/apps/watch/board/br28/board_701n_lvgl_demo/key_table/rdec_key_table.c.o
LOAD objs/apps/watch/board/br28/board_701n_lvgl_demo/key_table/touch_key_table.c.o
LOAD objs/apps/watch/board/br28/board_ad2802e_demo/board_ad2802e_demo.c.o
LOAD objs/apps/watch/board/br28/board_ad2802e_demo/key_table/adkey_table.c.o
LOAD objs/apps/watch/board/br28/board_ad2802e_demo/key_table/iokey_table.c.o
LOAD objs/apps/watch/board/br28/board_ad2802e_demo/key_table/irkey_table.c.o
LOAD objs/apps/watch/board/br28/board_ad2802e_demo/key_table/rdec_key_table.c.o
LOAD objs/apps/watch/board/br28/board_ad2802e_demo/key_table/touch_key_table.c.o
LOAD objs/apps/watch/common/dev_status.c.o
LOAD objs/apps/watch/common/init.c.o
LOAD objs/apps/watch/common/smart_voice_user.c.o
LOAD objs/apps/watch/common/sport_data/altitude_presure.c.o
LOAD objs/apps/watch/common/sport_data/blood_oxygen.c.o
LOAD objs/apps/watch/common/sport_data/detection_response.c.o
LOAD objs/apps/watch/common/sport_data/heart_rate.c.o
LOAD objs/apps/watch/common/sport_data/motion_module.c.o
LOAD objs/apps/watch/common/sport_data/sleep.c.o
LOAD objs/apps/watch/common/sport_data/sport.c.o
LOAD objs/apps/watch/common/sport_data/watch_common.c.o
LOAD objs/apps/watch/common/sport_data/watch_time_common.c.o
LOAD objs/apps/watch/common/step_calcul.c.o
LOAD objs/apps/watch/common/task_table.c.o
LOAD objs/apps/watch/common/tone_table.c.o
LOAD objs/apps/watch/common/user_cfg.c.o
LOAD objs/apps/watch/font/fontinit.c.o
LOAD objs/apps/watch/kws_voice_event_deal.c.o
LOAD objs/apps/watch/log_config/app_config.c.o
LOAD objs/apps/watch/log_config/lib_btctrler_config.c.o
LOAD objs/apps/watch/log_config/lib_btstack_config.c.o
LOAD objs/apps/watch/log_config/lib_driver_config.c.o
LOAD objs/apps/watch/log_config/lib_media_config.c.o
LOAD objs/apps/watch/log_config/lib_system_config.c.o
LOAD objs/apps/watch/log_config/lib_update_config.c.o
LOAD objs/apps/watch/power_manage/app_charge.c.o
LOAD objs/apps/watch/power_manage/app_chargestore.c.o
LOAD objs/apps/watch/power_manage/app_power_manage.c.o
LOAD objs/apps/watch/product_test/product_test.c.o
LOAD objs/apps/watch/product_test/pt_gpio.c.o
LOAD objs/apps/watch/product_test/pt_gsensor.c.o
LOAD objs/apps/watch/product_test/pt_hr.c.o
LOAD objs/apps/watch/product_test/pt_lcd_tp.c.o
LOAD objs/apps/watch/product_test/pt_motor.c.o
LOAD objs/apps/watch/product_test/pt_sd.c.o
LOAD objs/apps/watch/product_test/pt_speaker_mic.c.o
LOAD objs/apps/watch/smartbox/browser/browser.c.o
LOAD objs/apps/watch/smartbox/bt_manage/bt_trans_data/le_smartbox_adv.c.o
LOAD objs/apps/watch/smartbox/bt_manage/bt_trans_data/le_smartbox_module.c.o
LOAD objs/apps/watch/smartbox/bt_manage/bt_trans_data/le_smartbox_multi_client.c.o
LOAD objs/apps/watch/smartbox/bt_manage/bt_trans_data/le_smartbox_multi_common.c.o
LOAD objs/apps/watch/smartbox/bt_manage/bt_trans_data/le_smartbox_multi_trans.c.o
LOAD objs/apps/watch/smartbox/bt_manage/smartbox_bt_manage.c.o
LOAD objs/apps/watch/smartbox/cmd_data_deal/cmd_recieve.c.o
LOAD objs/apps/watch/smartbox/cmd_data_deal/cmd_recieve_no_respone.c.o
LOAD objs/apps/watch/smartbox/cmd_data_deal/cmd_respone.c.o
LOAD objs/apps/watch/smartbox/cmd_data_deal/cmd_user.c.o
LOAD objs/apps/watch/smartbox/cmd_data_deal/command.c.o
LOAD objs/apps/watch/smartbox/cmd_data_deal/data_recieve.c.o
LOAD objs/apps/watch/smartbox/cmd_data_deal/data_recieve_no_respone.c.o
LOAD objs/apps/watch/smartbox/cmd_data_deal/data_respone.c.o
LOAD objs/apps/watch/smartbox/config.c.o
LOAD objs/apps/watch/smartbox/event.c.o
LOAD objs/apps/watch/smartbox/external_flash/smartbox_extra_flash_cmd.c.o
LOAD objs/apps/watch/smartbox/external_flash/smartbox_extra_flash_opt.c.o
LOAD objs/apps/watch/smartbox/feature.c.o
LOAD objs/apps/watch/smartbox/file_transfer/dev_format.c.o
LOAD objs/apps/watch/smartbox/file_transfer/file_bluk_trans_prepare.c.o
LOAD objs/apps/watch/smartbox/file_transfer/file_delete.c.o
LOAD objs/apps/watch/smartbox/file_transfer/file_env_prepare.c.o
LOAD objs/apps/watch/smartbox/file_transfer/file_simple_transfer.c.o
LOAD objs/apps/watch/smartbox/file_transfer/file_trans_back.c.o
LOAD objs/apps/watch/smartbox/file_transfer/file_transfer.c.o
LOAD objs/apps/watch/smartbox/func_cmd/bt_func.c.o
LOAD objs/apps/watch/smartbox/func_cmd/fm_func.c.o
LOAD objs/apps/watch/smartbox/func_cmd/linein_func.c.o
LOAD objs/apps/watch/smartbox/func_cmd/music_func.c.o
LOAD objs/apps/watch/smartbox/func_cmd/rtc_func.c.o
LOAD objs/apps/watch/smartbox/function.c.o
LOAD objs/apps/watch/smartbox/mass_data/mass_data.c.o
LOAD objs/apps/watch/smartbox/sensors_data_opt/nfc_data_opt.c.o
LOAD objs/apps/watch/smartbox/sensors_data_opt/sensor_log_notify.c.o
LOAD objs/apps/watch/smartbox/sensors_data_opt/sensors_data_opt.c.o
LOAD objs/apps/watch/smartbox/sensors_data_opt/sport_data_func.c.o
LOAD objs/apps/watch/smartbox/sensors_data_opt/sport_data_info_opt/sport_info_bt_disconn.c.o
LOAD objs/apps/watch/smartbox/sensors_data_opt/sport_data_info_opt/sport_info_continuous_heart_rate.c.o
LOAD objs/apps/watch/smartbox/sensors_data_opt/sport_data_info_opt/sport_info_exercise_heart_rate.c.o
LOAD objs/apps/watch/smartbox/sensors_data_opt/sport_data_info_opt/sport_info_fall_detection.c.o
LOAD objs/apps/watch/smartbox/sensors_data_opt/sport_data_info_opt/sport_info_personal_info.c.o
LOAD objs/apps/watch/smartbox/sensors_data_opt/sport_data_info_opt/sport_info_pressure_detection.c.o
LOAD objs/apps/watch/smartbox/sensors_data_opt/sport_data_info_opt/sport_info_raise_wrist.c.o
LOAD objs/apps/watch/smartbox/sensors_data_opt/sport_data_info_opt/sport_info_sedentary.c.o
LOAD objs/apps/watch/smartbox/sensors_data_opt/sport_data_info_opt/sport_info_sensor_opt.c.o
LOAD objs/apps/watch/smartbox/sensors_data_opt/sport_data_info_opt/sport_info_sleep_detection.c.o
LOAD objs/apps/watch/smartbox/sensors_data_opt/sport_info_opt.c.o
LOAD objs/apps/watch/smartbox/sensors_data_opt/sport_info_sync.c.o
LOAD objs/apps/watch/smartbox/sensors_data_opt/sport_info_vm.c.o
LOAD objs/apps/watch/smartbox/sensors_data_opt/sports_data_opt/sport_data_air_pressure.c.o
LOAD objs/apps/watch/smartbox/sensors_data_opt/sports_data_opt/sport_data_altitude.c.o
LOAD objs/apps/watch/smartbox/sensors_data_opt/sports_data_opt/sport_data_blood_oxygen.c.o
LOAD objs/apps/watch/smartbox/sensors_data_opt/sports_data_opt/sport_data_exercise_recovery_time.c.o
LOAD objs/apps/watch/smartbox/sensors_data_opt/sports_data_opt/sport_data_exercise_steps.c.o
LOAD objs/apps/watch/smartbox/sensors_data_opt/sports_data_opt/sport_data_heart_rate.c.o
LOAD objs/apps/watch/smartbox/sensors_data_opt/sports_data_opt/sport_data_max_oxygen_uptake.c.o
LOAD objs/apps/watch/smartbox/sensors_data_opt/sports_data_opt/sport_data_pressure_detection.c.o
LOAD objs/apps/watch/smartbox/sensors_data_opt/sports_data_opt/sport_data_sports_information.c.o
LOAD objs/apps/watch/smartbox/sensors_data_opt/sports_data_opt/sport_data_training_load.c.o
LOAD objs/apps/watch/smartbox/smartbox.c.o
LOAD objs/apps/watch/smartbox/smartbox_device_config.c.o
LOAD objs/apps/watch/smartbox/smartbox_rcsp_manage.c.o
LOAD objs/apps/watch/smartbox/smartbox_setting/adv_bt_name_setting.c.o
LOAD objs/apps/watch/smartbox/smartbox_setting/adv_key_setting.c.o
LOAD objs/apps/watch/smartbox/smartbox_setting/adv_led_setting.c.o
LOAD objs/apps/watch/smartbox/smartbox_setting/adv_mic_setting.c.o
LOAD objs/apps/watch/smartbox/smartbox_setting/adv_time_stamp_setting.c.o
LOAD objs/apps/watch/smartbox/smartbox_setting/adv_work_setting.c.o
LOAD objs/apps/watch/smartbox/smartbox_setting/smartbox_color_led_setting.c.o
LOAD objs/apps/watch/smartbox/smartbox_setting/smartbox_eq_setting.c.o
LOAD objs/apps/watch/smartbox/smartbox_setting/smartbox_high_low_vol_setting.c.o
LOAD objs/apps/watch/smartbox/smartbox_setting/smartbox_karaoke_eq_setting.c.o
LOAD objs/apps/watch/smartbox/smartbox_setting/smartbox_karaoke_setting.c.o
LOAD objs/apps/watch/smartbox/smartbox_setting/smartbox_misc_setting/smartbox_misc_drc_setting.c.o
LOAD objs/apps/watch/smartbox/smartbox_setting/smartbox_misc_setting/smartbox_misc_reverbration_setting.c.o
LOAD objs/apps/watch/smartbox/smartbox_setting/smartbox_misc_setting/smartbox_misc_setting.c.o
LOAD objs/apps/watch/smartbox/smartbox_setting/smartbox_music_info_setting.c.o
LOAD objs/apps/watch/smartbox/smartbox_setting/smartbox_vol_setting.c.o
LOAD objs/apps/watch/smartbox/smartbox_setting_opt/smartbox_adv_bluetooth.c.o
LOAD objs/apps/watch/smartbox/smartbox_setting_opt/smartbox_setting_opt.c.o
LOAD objs/apps/watch/smartbox/smartbox_setting_opt/smartbox_setting_sync.c.o
LOAD objs/apps/watch/smartbox/smartbox_task.c.o
LOAD objs/apps/watch/smartbox/smartbox_update/rcsp_ch_loader_download.c.o
LOAD objs/apps/watch/smartbox/smartbox_update/smartbox_update.c.o
LOAD objs/apps/watch/smartbox/smartbox_update/smartbox_update_tws.c.o
LOAD objs/apps/watch/smartbox/switch_device.c.o
LOAD objs/apps/watch/sport/manage_source.c.o
LOAD objs/apps/watch/sport/message_vm_cfg.c.o
LOAD objs/apps/watch/sport/sport_api.c.o
LOAD objs/apps/watch/task_manager/app_common.c.o
LOAD objs/apps/watch/task_manager/app_task_switch.c.o
LOAD objs/apps/watch/task_manager/bt/bt.c.o
LOAD objs/apps/watch/task_manager/bt/bt_ble.c.o
LOAD objs/apps/watch/task_manager/bt/bt_emitter.c.o
LOAD objs/apps/watch/task_manager/bt/bt_event_fun.c.o
LOAD objs/apps/watch/task_manager/bt/bt_key_fun.c.o
LOAD objs/apps/watch/task_manager/bt/bt_product_test.c.o
LOAD objs/apps/watch/task_manager/bt/bt_switch_fun.c.o
LOAD objs/apps/watch/task_manager/bt/bt_tws.c.o
LOAD objs/apps/watch/task_manager/bt/vol_sync.c.o
LOAD objs/apps/watch/task_manager/idle/idle.c.o
LOAD objs/apps/watch/task_manager/music/music.c.o
LOAD objs/apps/watch/task_manager/pc/pc.c.o
LOAD objs/apps/watch/task_manager/power_off/power_off.c.o
LOAD objs/apps/watch/task_manager/power_on/power_on.c.o
LOAD objs/apps/watch/task_manager/record/record.c.o
LOAD objs/apps/watch/task_manager/rtc/alarm_api.c.o
LOAD objs/apps/watch/task_manager/rtc/alarm_user.c.o
LOAD objs/apps/watch/task_manager/rtc/rtc.c.o
LOAD objs/apps/watch/task_manager/rtc/virtual_rtc.c.o
LOAD objs/apps/watch/task_manager/task_key.c.o
LOAD objs/apps/watch/third_party_profile/ancs_client_demo/ancs_client_demo.c.o
LOAD objs/apps/watch/third_party_profile/trans_data_demo/trans_data_demo.c.o
LOAD objs/apps/watch/ui/lcd/STYLE_WATCH_NEW/ui_action_alarm.c.o
LOAD objs/apps/watch/ui/lcd/STYLE_WATCH_NEW/ui_action_altimeter.c.o
LOAD objs/apps/watch/ui/lcd/STYLE_WATCH_NEW/ui_action_breath_train.c.o
LOAD objs/apps/watch/ui/lcd/STYLE_WATCH_NEW/ui_action_calculator.c.o
LOAD objs/apps/watch/ui/lcd/STYLE_WATCH_NEW/ui_action_calendar.c.o
LOAD objs/apps/watch/ui/lcd/STYLE_WATCH_NEW/ui_action_detection.c.o
LOAD objs/apps/watch/ui/lcd/STYLE_WATCH_NEW/ui_action_dial.c.o
LOAD objs/apps/watch/ui/lcd/STYLE_WATCH_NEW/ui_action_drawer.c.o
LOAD objs/apps/watch/ui/lcd/STYLE_WATCH_NEW/ui_action_file.c.o
LOAD objs/apps/watch/ui/lcd/STYLE_WATCH_NEW/ui_action_findphone.c.o
LOAD objs/apps/watch/ui/lcd/STYLE_WATCH_NEW/ui_action_flashlight.c.o
LOAD objs/apps/watch/ui/lcd/STYLE_WATCH_NEW/ui_action_heat.c.o
LOAD objs/apps/watch/ui/lcd/STYLE_WATCH_NEW/ui_action_menu.c.o
LOAD objs/apps/watch/ui/lcd/STYLE_WATCH_NEW/ui_action_music.c.o
LOAD objs/apps/watch/ui/lcd/STYLE_WATCH_NEW/ui_action_music_menu.c.o
LOAD objs/apps/watch/ui/lcd/STYLE_WATCH_NEW/ui_action_notice.c.o
LOAD objs/apps/watch/ui/lcd/STYLE_WATCH_NEW/ui_action_oxygen.c.o
LOAD objs/apps/watch/ui/lcd/STYLE_WATCH_NEW/ui_action_pc.c.o
LOAD objs/apps/watch/ui/lcd/STYLE_WATCH_NEW/ui_action_pressure.c.o
LOAD objs/apps/watch/ui/lcd/STYLE_WATCH_NEW/ui_action_pulldown_menu.c.o
LOAD objs/apps/watch/ui/lcd/STYLE_WATCH_NEW/ui_action_qrcode.c.o
LOAD objs/apps/watch/ui/lcd/STYLE_WATCH_NEW/ui_action_record.c.o
LOAD objs/apps/watch/ui/lcd/STYLE_WATCH_NEW/ui_action_set.c.o
LOAD objs/apps/watch/ui/lcd/STYLE_WATCH_NEW/ui_action_sport_info.c.o
LOAD objs/apps/watch/ui/lcd/STYLE_WATCH_NEW/ui_action_sportrecord.c.o
LOAD objs/apps/watch/ui/lcd/STYLE_WATCH_NEW/ui_action_standby_dial.c.o
LOAD objs/apps/watch/ui/lcd/STYLE_WATCH_NEW/ui_action_stopwatch.c.o
LOAD objs/apps/watch/ui/lcd/STYLE_WATCH_NEW/ui_action_train.c.o
LOAD objs/apps/watch/ui/lcd/STYLE_WATCH_NEW/ui_action_train_status.c.o
LOAD objs/apps/watch/ui/lcd/STYLE_WATCH_NEW/ui_action_voice.c.o
LOAD objs/apps/watch/ui/lcd/STYLE_WATCH_NEW/ui_action_watch.c.o
LOAD objs/apps/watch/ui/lcd/STYLE_WATCH_NEW/ui_action_watchex.c.o
LOAD objs/apps/watch/ui/lcd/STYLE_WATCH_NEW/ui_action_weather.c.o
LOAD objs/apps/watch/ui/lcd/STYLE_WATCH_NEW/ui_batcharge_action.c.o
LOAD objs/apps/watch/ui/lcd/STYLE_WATCH_NEW/ui_bt_page_action.c.o
LOAD objs/apps/watch/ui/lcd/STYLE_WATCH_NEW/ui_bt_page_api.c.o
LOAD objs/apps/watch/ui/lcd/STYLE_WATCH_NEW/ui_bt_scan.c.o
LOAD objs/apps/watch/ui/lcd/STYLE_WATCH_NEW/ui_page_touch.c.o
LOAD objs/apps/watch/ui/lcd/STYLE_WATCH_NEW/ui_phone_action.c.o
LOAD objs/apps/watch/ui/lcd/STYLE_WATCH_NEW/ui_phonebook_action.c.o
LOAD objs/apps/watch/ui/lcd/STYLE_WATCH_NEW/ui_scan_touch.c.o
LOAD objs/apps/watch/ui/lcd/STYLE_WATCH_NEW/ui_sportrecord_browse.c.o
LOAD objs/apps/watch/ui/lcd/STYLE_WATCH_NEW/ui_timer_action.c.o
LOAD objs/apps/watch/ui/lcd/STYLE_WATCH_NEW/ui_upgrade_action.c.o
LOAD objs/apps/watch/ui/lcd/lyrics_api.c.o
LOAD objs/apps/watch/ui/lcd/ui_screen_saver.c.o
LOAD objs/apps/watch/ui/lcd/ui_sys_param_api.c.o
LOAD objs/apps/watch/ui/lcd/watch_syscfg_manage.c.o
LOAD objs/apps/watch/ui/led/pwm_led_api.c.o
LOAD objs/apps/watch/ui/led/pwm_led_para_table.c.o
LOAD objs/apps/watch/ui/lua_ui/lua_bsp.c.o
LOAD objs/apps/watch/ui/lua_ui/lua_bt.c.o
LOAD objs/apps/watch/ui/lua_ui/lua_device.c.o
LOAD objs/apps/watch/ui/lua_ui/lua_gui.c.o
LOAD objs/apps/watch/ui/lua_ui/lua_module.c.o
LOAD objs/apps/watch/ui/lua_ui/lua_music.c.o
LOAD objs/apps/watch/ui/lua_ui/lua_obj.c.o
LOAD objs/apps/watch/ui/lua_ui/lua_obj_battery.c.o
LOAD objs/apps/watch/ui/lua_ui/lua_obj_compass.c.o
LOAD objs/apps/watch/ui/lua_ui/lua_obj_image.c.o
LOAD objs/apps/watch/ui/lua_ui/lua_obj_layout.c.o
LOAD objs/apps/watch/ui/lua_ui/lua_obj_list.c.o
LOAD objs/apps/watch/ui/lua_ui/lua_obj_multiprogress.c.o
LOAD objs/apps/watch/ui/lua_ui/lua_obj_number.c.o
LOAD objs/apps/watch/ui/lua_ui/lua_obj_progress.c.o
LOAD objs/apps/watch/ui/lua_ui/lua_obj_slider.c.o
LOAD objs/apps/watch/ui/lua_ui/lua_obj_text.c.o
LOAD objs/apps/watch/ui/lua_ui/lua_obj_time.c.o
LOAD objs/apps/watch/ui/lua_ui/lua_obj_watch.c.o
LOAD objs/apps/watch/ui/lua_ui/lua_sys.c.o
LOAD objs/apps/watch/ui/lua_ui/lua_utils.c.o
LOAD objs/apps/watch/ui/lua_ui/lua_weather.c.o
LOAD objs/apps/watch/user_api/dev_multiplex_api.c.o
LOAD objs/apps/watch/user_api/product_info_api.c.o
LOAD objs/apps/watch/user_api/vm_api.c.o
LOAD objs/apps/watch/version.c.o
LOAD objs/cpu/br28/adc_api.c.o
LOAD objs/cpu/br28/audio_codec_clock.c.o
LOAD objs/cpu/br28/audio_common/app_audio.c.o
LOAD objs/cpu/br28/audio_common/sound_device_driver.c.o
LOAD objs/cpu/br28/audio_common/sound_pcm_demo.c.o
LOAD objs/cpu/br28/audio_dec/audio_dec.c.o
LOAD objs/cpu/br28/audio_dec/audio_dec_bt.c.o
LOAD objs/cpu/br28/audio_dec/audio_dec_file.c.o
LOAD objs/cpu/br28/audio_dec/audio_dec_fm.c.o
LOAD objs/cpu/br28/audio_dec/audio_dec_linein.c.o
LOAD objs/cpu/br28/audio_dec/audio_dec_midi_ctrl.c.o
LOAD objs/cpu/br28/audio_dec/audio_dec_midi_file.c.o
LOAD objs/cpu/br28/audio_dec/audio_dec_pc.c.o
LOAD objs/cpu/br28/audio_dec/audio_dec_record.c.o
LOAD objs/cpu/br28/audio_dec/audio_dec_spdif.c.o
LOAD objs/cpu/br28/audio_dec/audio_dec_tone.c.o
LOAD objs/cpu/br28/audio_dec/audio_spectrum.c.o
LOAD objs/cpu/br28/audio_dec/audio_sync.c.o
LOAD objs/cpu/br28/audio_dec/audio_usb_mic.c.o
LOAD objs/cpu/br28/audio_dec/lfwordana_enc_api.c.o
LOAD objs/cpu/br28/audio_dec/tone_player.c.o
LOAD objs/cpu/br28/audio_effect/audio_autotune_demo.c.o
LOAD objs/cpu/br28/audio_effect/audio_ch_swap_demo.c.o
LOAD objs/cpu/br28/audio_effect/audio_dynamic_eq_demo.c.o
LOAD objs/cpu/br28/audio_effect/audio_eff_default_parm.c.o
LOAD objs/cpu/br28/audio_effect/audio_eq_drc_demo.c.o
LOAD objs/cpu/br28/audio_effect/audio_gain_process_demo.c.o
LOAD objs/cpu/br28/audio_effect/audio_noise_gate_demo.c.o
LOAD objs/cpu/br28/audio_effect/audio_sound_track_2_p_x.c.o
LOAD objs/cpu/br28/audio_effect/audio_surround_demo.c.o
LOAD objs/cpu/br28/audio_effect/audio_vbass_demo.c.o
LOAD objs/cpu/br28/audio_effect/audio_voice_changer_demo.c.o
LOAD objs/cpu/br28/audio_effect/effects_adj.c.o
LOAD objs/cpu/br28/audio_effect/eq_config.c.o
LOAD objs/cpu/br28/audio_enc/audio_adc_demo.c.o
LOAD objs/cpu/br28/audio_enc/audio_enc.c.o
LOAD objs/cpu/br28/audio_enc/audio_enc_file.c.o
LOAD objs/cpu/br28/audio_enc/audio_enc_recoder.c.o
LOAD objs/cpu/br28/audio_enc/audio_mic_codec.c.o
LOAD objs/cpu/br28/audio_enc/audio_sbc_codec.c.o
LOAD objs/cpu/br28/audio_iis.c.o
LOAD objs/cpu/br28/audio_link.c.o
LOAD objs/cpu/br28/audio_mic_capless.c.o
LOAD objs/cpu/br28/audio_way/audio_app_stream.c.o
LOAD objs/cpu/br28/audio_way/audio_bt_emitter/audio_bt_emitter.c.o
LOAD objs/cpu/br28/audio_way/audio_bt_emitter/audio_bt_emitter_controller.c.o
LOAD objs/cpu/br28/audio_way/audio_bt_emitter/audio_bt_emitter_dma.c.o
LOAD objs/cpu/br28/audio_way/audio_bt_emitter/audio_bt_emitter_hw.c.o
LOAD objs/cpu/br28/audio_way/audio_way.c.o
LOAD objs/cpu/br28/audio_way/audio_way_bt_emitter.c.o
LOAD objs/cpu/br28/audio_way/audio_way_dac.c.o
LOAD objs/cpu/br28/charge.c.o
LOAD objs/cpu/br28/chargestore.c.o
LOAD objs/cpu/br28/clock_manager.c.o
LOAD objs/cpu/br28/hw_fft.c.o
LOAD objs/cpu/br28/iic_hw.c.o
LOAD objs/cpu/br28/iic_soft.c.o
LOAD objs/cpu/br28/irflt.c.o
LOAD objs/cpu/br28/localtws/localtws.c.o
LOAD objs/cpu/br28/localtws/localtws_dec.c.o
LOAD objs/cpu/br28/lp_touch_key.c.o
LOAD objs/cpu/br28/lp_touch_key_tool.c.o
LOAD objs/cpu/br28/lua_port_api.c.o
LOAD objs/cpu/br28/mcpwm.c.o
LOAD objs/cpu/br28/overlay_code.c.o
LOAD objs/cpu/br28/plcnt.c.o
LOAD objs/cpu/br28/power/power_app.c.o
LOAD objs/cpu/br28/power/power_check.c.o
LOAD objs/cpu/br28/power/power_port.c.o
LOAD objs/cpu/br28/power/power_trim.c.o
LOAD objs/cpu/br28/psram.c.o
LOAD objs/cpu/br28/pwm_led.c.o
LOAD objs/cpu/br28/rdec.c.o
LOAD objs/cpu/br28/setup.c.o
LOAD objs/cpu/br28/smart_voice/aispeech_asr.c.o
LOAD objs/cpu/br28/smart_voice/jl_kws_platform.c.o
LOAD objs/cpu/br28/smart_voice/kws_event.c.o
LOAD objs/cpu/br28/smart_voice/nn_vad.c.o
LOAD objs/cpu/br28/smart_voice/smart_voice_config.c.o
LOAD objs/cpu/br28/smart_voice/smart_voice_core.c.o
LOAD objs/cpu/br28/smart_voice/user_asr.c.o
LOAD objs/cpu/br28/smart_voice/vad_clock_trim.c.o
LOAD objs/cpu/br28/smart_voice/vad_mic.c.o
LOAD objs/cpu/br28/smart_voice/voice_mic_data.c.o
LOAD objs/cpu/br28/spi.c.o
LOAD objs/cpu/br28/uart_dev.c.o
LOAD objs/cpu/br28/ui_driver/LED_1888/LED1888.c.o
LOAD objs/cpu/br28/ui_driver/imb_demo.c.o
LOAD objs/cpu/br28/ui_driver/interface/ui_platform.c.o
LOAD objs/cpu/br28/ui_driver/jpeg_demo.c.o
LOAD objs/cpu/br28/ui_driver/lcd_drive/lcd_drive.c.o
LOAD objs/cpu/br28/ui_driver/lcd_drive/lcd_mcu/lcd_mcu_JD5858_320x385.c.o
LOAD objs/cpu/br28/ui_driver/lcd_drive/lcd_mcu/lcd_mcu_JD5858_360x360.c.o
LOAD objs/cpu/br28/ui_driver/lcd_drive/lcd_rgb/lcd_rgb_st7789v_240x240.c.o
LOAD objs/cpu/br28/ui_driver/lcd_drive/lcd_spi/lcd_qspi_ICNA3310B_466x466.c.o
LOAD objs/cpu/br28/ui_driver/lcd_drive/lcd_spi/lcd_qspi_ST77903_400x400.c.o
LOAD objs/cpu/br28/ui_driver/lcd_drive/lcd_spi/lcd_qspi_ST77903_400x400_v1.c.o
LOAD objs/cpu/br28/ui_driver/lcd_drive/lcd_spi/lcd_qspi_ST77903_400x400_v2.c.o
LOAD objs/cpu/br28/ui_driver/lcd_drive/lcd_spi/lcd_qspi_ST77903_400x400_v3.c.o
LOAD objs/cpu/br28/ui_driver/lcd_drive/lcd_spi/lcd_qspi_ST77903_400x400_v4.c.o
LOAD objs/cpu/br28/ui_driver/lcd_drive/lcd_spi/lcd_spi_L_WEA2012_356x400.c.o
LOAD objs/cpu/br28/ui_driver/lcd_drive/lcd_spi/lcd_spi_gc9307_RQ_BOE_240x283.c.o
LOAD objs/cpu/br28/ui_driver/lcd_drive/lcd_spi/lcd_spi_rm69330_454x454.c.o
LOAD objs/cpu/br28/ui_driver/lcd_drive/lcd_spi/lcd_spi_sh8601a_454x454.c.o
LOAD objs/cpu/br28/ui_driver/lcd_drive/lcd_spi/lcd_qspi_ST77916_320x386.c.o
LOAD objs/cpu/br28/ui_driver/lcd_drive/lcd_spi/lcd_spi_st7789_BOE1.54_update_240x240.c.o
LOAD objs/cpu/br28/ui_driver/lcd_drive/lcd_spi/lcd_spi_st7789v_240x240.c.o
LOAD objs/cpu/br28/ui_driver/lcd_seg/lcd_seg3x9_driver.c.o
LOAD objs/cpu/br28/ui_driver/led7/led7_driver.c.o
LOAD objs/cpu/br28/ui_driver/lvgl/lv_port_disp.c.o
LOAD objs/cpu/br28/ui_driver/lvgl/lv_port_fs.c.o
LOAD objs/cpu/br28/ui_driver/lvgl/lv_port_indev.c.o
LOAD objs/cpu/br28/ui_driver/lvgl/lvgl_main.c.o
LOAD objs/cpu/br28/ui_driver/ui_common.c.o
LOAD objs/cpu/br28/umidigi_chargestore.c.o
LOAD objs/cpu/br28/user_p11_cmd.c.o
LOAD objs/apps/common/ui/lv_watch/lv_watch.c.o
LOAD objs/apps/common/ui/lv_watch/poc_modem/poc_modem_ui.c.o
LOAD objs/apps/common/ui/lv_watch/poc_modem/poc_modem_cache.c.o
LOAD objs/apps/common/ui/lv_watch/comm_widget/common_clock.c.o
LOAD objs/apps/common/ui/lv_watch/comm_widget/common_widget.c.o
LOAD objs/apps/common/ui/lv_watch/ui_translate/ui_translate.c.o
LOAD objs/apps/common/ui/lv_watch/ui_tileview/ui_tileview.c.o
LOAD objs/apps/common/ui/lv_watch/ui_menu/weather/weather.c.o
LOAD objs/apps/common/ui/lv_watch/ui_menu/watchface/watchface_00.c.o
LOAD objs/apps/common/ui/lv_watch/ui_menu/watchface/watchface_01.c.o
LOAD objs/apps/common/ui/lv_watch/ui_menu/watchface/watchface_main.c.o
LOAD objs/apps/common/ui/lv_watch/ui_menu/split_screen/split_screen.c.o
LOAD objs/apps/common/ui/lv_watch/ui_menu/tool_box/tool_box.c.o
LOAD objs/apps/watch/sdk_version.z.S.o
START GROUP
LOAD cpu/br28/liba/cpu.a
LOAD cpu/br28/liba/system.a
LOAD cpu/br28/liba/btstack.a
LOAD cpu/br28/liba/rcsp_stack.a
LOAD cpu/br28/liba/tme_stack.a
LOAD cpu/br28/liba/btctrler.a
LOAD cpu/br28/liba/aec.a
LOAD cpu/br28/liba/media.a
LOAD cpu/br28/liba/libepmotion.a
LOAD cpu/br28/liba/libAptFilt_pi32v2_OnChip.a
LOAD cpu/br28/liba/libEchoSuppress_pi32v2_OnChip.a
LOAD cpu/br28/liba/libNoiseSuppress_pi32v2_OnChip.a
LOAD cpu/br28/liba/libSplittingFilter_pi32v2_OnChip.a
LOAD cpu/br28/liba/libDelayEstimate_pi32v2_OnChip.a
LOAD cpu/br28/liba/libSMS_TDE_pi32v2_OnChip.a
LOAD cpu/br28/liba/libAdaptiveEchoSuppress_pi32v2_OnChip.a
LOAD cpu/br28/liba/libOpcore_maskrom_pi32v2_OnChip.a
LOAD cpu/br28/liba/lib_resample_cal.a
LOAD cpu/br28/liba/lib_resample_fast_cal.a
LOAD cpu/br28/liba/sbc_eng_lib.a
LOAD cpu/br28/liba/mp3_dec_lib.a
LOAD cpu/br28/liba/mp3_decstream_lib.a
LOAD cpu/br28/liba/mp3_enc_lib.a
LOAD cpu/br28/liba/wav_dec_lib.a
LOAD cpu/br28/liba/wma_dec_lib.a
LOAD cpu/br28/liba/flac_dec_lib.a
LOAD cpu/br28/liba/ape_dec_lib.a
LOAD cpu/br28/liba/dts_dec_lib.a
LOAD cpu/br28/liba/amr_dec_lib.a
LOAD cpu/br28/liba/opus_dec_lib.a
LOAD cpu/br28/liba/lib_midi_dec.a
LOAD cpu/br28/liba/lib_mp2_code.a
LOAD cpu/br28/liba/lib_adpcm_code.a
LOAD cpu/br28/liba/lib_adpcm_ima_code.a
LOAD cpu/br28/liba/speex_enc_lib.a
LOAD cpu/br28/liba/amr_enc_lib.a
LOAD cpu/br28/liba/lc3_codec_lib.a
LOAD cpu/br28/liba/agreement.a
LOAD cpu/br28/liba/media_app.a
LOAD cpu/br28/liba/lc3_dec_lib.a
LOAD cpu/br28/liba/opus_enc_lib.a
LOAD cpu/br28/liba/SpectrumShow.a
LOAD cpu/br28/liba/qr_code.a
LOAD cpu/br28/liba/libjlsp.a
LOAD cpu/br28/liba/drc.a
LOAD cpu/br28/liba/lfaudio_plc_lib.a
LOAD cpu/br28/liba/lib_esco_repair.a
LOAD cpu/br28/liba/pedometer.a
LOAD cpu/br28/liba/sleep.a
LOAD cpu/br28/liba/wrist_bright.a
LOAD cpu/br28/liba/Preprocess.a
LOAD cpu/br28/liba/fall_detection.a
LOAD cpu/br28/liba/motion_detection.a
LOAD cpu/br28/liba/HeartRate_Calc.a
LOAD cpu/br28/liba/sedentary.a
LOAD cpu/br28/liba/SPO2.a
LOAD cpu/br28/liba/p33_algo_motion.a
LOAD cpu/br28/liba/vcHrAlgoV619ForCodeBlocks701N.a
LOAD cpu/br28/liba/vcSpo2AlgoV151_lc11s_B_v1.a
LOAD cpu/br28/liba/libjlsp_kws.a
LOAD cpu/br28/liba/lib_pitch_speed.a
LOAD cpu/br28/liba/libFFT_pi32v2_OnChip.a
LOAD cpu/br28/liba/wtg_dec_lib.a
LOAD cpu/br28/liba/bfilterfun_lib.a
LOAD cpu/br28/liba/crypto_toolbox_Osize.a
LOAD cpu/br28/liba/lib_dns.a
LOAD cpu/br28/liba/compressor.a
LOAD cpu/br28/liba/crossover_coff.a
LOAD cpu/br28/liba/limiter.a
LOAD cpu/br28/liba/update.a
LOAD cpu/br28/liba/ui_new.a
LOAD cpu/br28/liba/ui_draw_new.a
LOAD cpu/br28/liba/font_new.a
LOAD cpu/br28/liba/res_new.a
LOAD cpu/br28/liba/ui_flash_vm.a
LOAD apps/common/pay/upay_aliyun/vendor/upay.a
LOAD apps/common/pay/upay_aliyun/vendor/libicrypto.a
LOAD apps/common/pay/upay_aliyun/vendor/libid2.a
LOAD apps/common/pay/upay_aliyun/vendor/libisst.a
LOAD apps/common/pay/upay_aliyun/vendor/libkm.a
LOAD apps/common/pay/upay_aliyun/vendor/libls_alipay.a
LOAD apps/common/pay/upay_aliyun/vendor/libprov.a
LOAD apps/common/pay/upay_aliyun/vendor/libalipay_secure_cert.a
LOAD apps/common/pay/upay_aliyun/vendor/pay.a
LOAD apps/common/pay/upay_t_head/lib/JL/libalipay_crypto.a
LOAD apps/common/pay/upay_t_head/lib/JL/libalipay_HAL.a
LOAD apps/common/pay/upay_t_head/lib/JL/libalipay_IoTpay.a
LOAD apps/common/pay/upay_t_head/lib/JL/libalipay_secure_cert.a
LOAD apps/common/pay/upay_t_head/lib/JL/libcJSON.a
LOAD apps/common/pay/upay_t_head/lib/JL/libalipay_mbedtls.a
LOAD apps/common/device/gSensor/silan/silan_data.a
LOAD apps/common/device/gSensor/silan/silan_motion_algo.a
END GROUP
                0x0001fd6c                lp_signature_set = 0x1fd6c
                0x0001fd70                memmem = 0x1fd70
                0x0001fd74                memcpy = 0x1fd74
                0x0001fd78                memmove = 0x1fd78
                0x0001fd7c                memcmp = 0x1fd7c
                0x0001fd80                memset = 0x1fd80
                0x0001fd84                strcmp = 0x1fd84
                0x0001fd88                strcpy = 0x1fd88
                0x0001fd8c                strlen = 0x1fd8c
                0x0001fd90                strncmp = 0x1fd90
                0x0001fd94                strstr = 0x1fd94
                0x0001fd98                strchr = 0x1fd98
                0x0001fd9c                __divdi3 = 0x1fd9c
                0x0001fda0                __udivmoddi4 = 0x1fda0
                0x0001fda4                __adddf3 = 0x1fda4
                0x0001fda8                __fixdfsi = 0x1fda8
                0x0001fdac                flush_dcache = 0x1fdac
                0x0001fdb0                flushinv_dcache = 0x1fdb0
                0x0001fdb4                IcuWaitIdle = 0x1fdb4
                0x0001fdb8                DcuWaitIdle = 0x1fdb8
                0x0001fdbc                IcuInitial = 0x1fdbc
                0x0001fdc0                DcuInitial = 0x1fdc0
                0x0001fdcc                sfc_drop_cache = 0x1fdcc
                0x0001fdd0                chip_crc16 = 0x1fdd0
                0x0001fdd4                CrcDecode = 0x1fdd4
                0x0001fdd8                get_flash_file_key = 0x1fdd8
                0x0001fddc                dec_isd_cfg_ini = 0x1fddc
                0x0001fde0                _jlfs_mount = 0x1fde0
                0x0001fde4                sfc_boot = 0x1fde4
                0x0001fde8                mask_init = 0x1fde8
                0x0001fdf0                nvram_set_boot_state = 0x1fdf0
                0x0001fdf4                chip_reset = 0x1fdf4
                0x0001fdf8                the_debug_isr = 0x1fdf8
                0x0001fdfc                rom_print = 0x1fdfc
                0x0001fe00                rom_sprintf = 0x1fe00
                0x0001fe0c                doe = 0x1fe0c
                0x0001fe10                spi_get_port = 0x1fe10
                0x0001fe14                _pll_init = 0x1fe14
                0x0001fe18                flash_poweron = 0x1fe18
                0x0001fe1c                spi_unmount = 0x1fe1c
                0x0001fe20                spi_port_io_init = 0x1fe20
                0x0001fe24                usb_slave_mode = 0x1fe24
                0x0001fe28                LZ4_setStreamDecode = 0x1fe28
                0x0001fe2c                LZ4_decompress_safe_continue = 0x1fe2c
                0x0001fe30                LZ4_decompress_generic = 0x1fe30
                0x0001fe34                _sdk_mkey_lock = 0x1fe34
                0x0001fe38                g_hash_function = 0x1fe38
                0x0001fe3c                f1_hash_function = 0x1fe3c
                0x0001fe40                f2_hash_function = 0x1fe40
                0x0001fe44                f3_hash_function = 0x1fe44
                0x0001fe48                h2_hash_function = 0x1fe48
                0x0001fe4c                h3_hash_function = 0x1fe4c
                0x0001fe50                h4_hash_function = 0x1fe50
                0x0001fe54                h5_hash_function = 0x1fe54
                0x0001fe58                g_function = 0x1fe58
                0x0001fe5c                f1_function = 0x1fe5c
                0x0001fe60                f2_function = 0x1fe60
                0x0001fe64                f3_function = 0x1fe64
                0x0001fe68                sha256Compute = 0x1fe68
                0x0001fe6c                uECC_compute_public_key = 0x1fe6c
                0x0001fe70                uECC_shared_secret = 0x1fe70
                0x0001fe74                bi_initialize = 0x1fe74
                0x0001fe78                bi_read_from_byte = 0x1fe78
                0x0001fe7c                bi_poly_mod2 = 0x1fe7c
                0x0001fe80                bi_poly_mul = 0x1fe80
                0x0001fe84                trim = 0x1fe84
                0x0001fe88                bi_wirte_to_byte = 0x1fe88
                0x0001fe8c                bi_free = 0x1fe8c
                0x0001fe90                bi_terminate = 0x1fe90
                0x0001fe94                get_cvsd_codec_ops = 0x1fe94
                0x00018590                wtgv2_silk_NLSF_CB_NB_MB = 0x18590
                0x0001848c                wtgv2_LSFCosTab_FIX_Q12 = 0x1848c
                0x00018a88                icdf_global_table = 0x18a88
                0x0001fe98                get_wtgv2dec_ops = 0x1fe98
                0x0001fe9c                wtgv2_silk_Decode = 0x1fe9c
                0x0001fea0                wtgv2_silk_decode_frame = 0x1fea0
                0x0001fea4                wtgv2_silk_decoder_set_fs = 0x1fea4
                0x0001fea8                wtgv2_silk_decode_indices = 0x1fea8
                0x0001feac                wtgv2_silk_decode_pulses = 0x1feac
                0x0001feb0                wtgv2_silk_decode_parameters = 0x1feb0
                0x0001feb4                wtgv2_silk_decode_core = 0x1feb4
                0x0001feb8                logAprx_CORDIC_float = 0x1feb8
                0x0001febc                expAprx_CORDIC_float = 0x1febc
                0x0001fec0                magnAprx_float = 0x1fec0
                0x0001fec4                MatrixCopy_float_c_c = 0x1fec4
                0x0001fec8                MatrixCopy_float_f_f = 0x1fec8
                0x0001fecc                MatrixEwMulAndSumOneDim_float_c_c_c_s0 = 0x1fecc
                0x0001fed0                MatrixEwMulAndSumOneDim_float_c_c_c_s1 = 0x1fed0
                0x0001fed4                MatrixEwMulAndSumOneDim_float_f_f_f_s0 = 0x1fed4
                0x0001fed8                MatrixEwMulAndSumOneDim_float_f_f_f_s1 = 0x1fed8
                0x0001fedc                MatrixEwConjMulAndSumOneDim_float_c_c_c_s0 = 0x1fedc
                0x0001fee0                MatrixEwConjMulAndSumOneDim_float_c_c_c_s1 = 0x1fee0
                0x0001fee4                VecMeanSq_s16_f32 = 0x1fee4
                0x0001fee8                VecOverShift_s16_f32 = 0x1fee8
                0x0001feec                VecMinus_s16_f32_f32 = 0x1feec
                0x0001fef0                VectorCopy_f32_s16 = 0x1fef0
                0x0001fef4                VecEleMul_s16_s16_f32 = 0x1fef4
                0x0001fef8                VecEleMul_f32_s16_f32 = 0x1fef8
                0x0001fefc                VecMeanSq_float_f_f = 0x1fefc
                0x0001ff00                VectorSet_float_f_f = 0x1ff00
                0x0001ff04                VecMagRecAve_float_c_f_f = 0x1ff04
                0x0001ff08                VecMulScalar_float_c_f_c = 0x1ff08
                0x0001ff0c                VecConjEleMul_float_c_c_c = 0x1ff0c
                0x0001ff10                VecPlus_float_f_f_f = 0x1ff10
                0x0001ff14                VecDivide_float_c_f_c_f = 0x1ff14
                0x0001ff18                VecPlus_float_c_c_c = 0x1ff18
                0x0001ff1c                VecConjMulRecAve_float_c_c_c_f = 0x1ff1c
                0x0001ff20                VecGetMag_float_c_f = 0x1ff20
                0x0001ff24                VecMax_float_f_f = 0x1ff24
                0x0001ff28                VecRecAve_float_f_f_f = 0x1ff28
                0x0001ff2c                VecEleMul_float_f_f_f = 0x1ff2c
                0x0001ff30                VecMagAndDiv_float_c_f_f_f = 0x1ff30
                0x0001ff34                VecMin_float_f_f = 0x1ff34
                0x0001ff38                VecMinus_float_f_f_f = 0x1ff38
                0x0001ff3c                VecMean_float_f_f = 0x1ff3c
                0x0001ff40                VecEleMul_float_c_f_c = 0x1ff40
                0x0001ff44                VecMeanSqu_float_c_f = 0x1ff44
                0x0001ff48                VecCopy_float_f_f = 0x1ff48
                0x0001ff4c                VecMin_float_f_f_f = 0x1ff4c
                0x0001ff50                VecDivide_float_f_f_f_f = 0x1ff50
                0x0001ff54                VecCompBT_float_f_f_f = 0x1ff54
                0x0001ff58                VecCondCopy_float_f_f_f = 0x1ff58
                0x0001ff5c                VecMulScalar_float_f_f_f = 0x1ff5c
                0x0001ff60                VecPlusScalar_float_f_f_f = 0x1ff60
                0x0001ff64                VecMinScalar_float_f_f_f = 0x1ff64
                0x0001ff68                VecOpposite_float_f_f = 0x1ff68
                0x0001ff6c                VecEleMla_float_f_f_f = 0x1ff6c
                0x0001ff70                VecEleMla_float_c_c_c = 0x1ff70
                0x0001ff74                VecMinus_float_c_c_c = 0x1ff74
                0x0001ff78                VecDotProduct_float_f_f_f = 0x1ff78
                0x0001ff7c                VecDotProduct_float_c_c_c = 0x1ff7c
                0x0001ff80                VecDotProduct_float_c_f_c = 0x1ff80
                0x0001ff84                VecCopy_float_c_c = 0x1ff84
                0x0001ff88                VecCopy_float_f_c = 0x1ff88
                0x0001ff8c                VecConjDotProduct_float_c_c_c = 0x1ff8c
                0x0001ff90                VecNormalize_float_c_c_f = 0x1ff90
                0x0001ff94                VecRecAve_float_c_c_f = 0x1ff94
                0x0001ff98                VecOverlapShift_float_f_f_i = 0x1ff98
                0x0001ff9c                VecMax_float_f_f_f = 0x1ff9c
                0x0001ffa0                VecConjEwMulAndDiv_float_c_c_f_f_c = 0x1ffa0
                0x0001ffa4                VecPlusMulScalar_float_c_c_f_c = 0x1ffa4
                0x0001ffa8                VecCondCopy_float_c_i_c = 0x1ffa8
                0x0001ffac                VecEleMulAndDiv_float_f_f_f_f_f = 0x1ffac
                0x0001ffb0                VectorSet_float_f_c = 0x1ffb0
                0x0001ffb4                VecDivScalar_float_f_f_f = 0x1ffb4
                0x0001ffb8                VecDivScalar_float_c_f_c = 0x1ffb8
                0x0001ffbc                VecPlusScalar_float_c_f_c = 0x1ffbc
                0x0001ffc0                VecMinScalar_float_c_f_c = 0x1ffc0
                0x00019000                mdct_tab_256 = 0x19000
                0x00019200                mdct_tab_2048 = 0x19200
                0x0001a200                sine_long_1024 = 0x1a200
                0x0001b200                sine_short_128 = 0x1b200
                0x0001b400                kbd_long_1024 = 0x1b400
                0x0001c400                kbd_short_128 = 0x1c400
                0x0001c634                Huffmancb_SCL = 0x1c634
                0x0001c844                num_swb_960_window = 0x1c844
                0x0001c850                num_swb_1024_window = 0x1c850
                0x0001c85c                num_swb_128_window = 0x1c85c
                0x0001c868                swb_offset_1024_96 = 0x1c868
                0x0001c8bc                swb_offset_128_96 = 0x1c8bc
                0x0001c8d6                swb_offset_1024_64 = 0x1c8d6
                0x0001c936                swb_offset_128_64 = 0x1c936
                0x0001c950                swb_offset_1024_48 = 0x1c950
                0x0001c9b4                swb_offset_128_48 = 0x1c9b4
                0x0001c9d2                swb_offset_1024_32 = 0x1c9d2
                0x0001ca3a                swb_offset_1024_24 = 0x1ca3a
                0x0001ca9a                swb_offset_128_24 = 0x1ca9a
                0x0001caba                swb_offset_1024_16 = 0x1caba
                0x0001cb12                swb_offset_128_16 = 0x1cb12
                0x0001cb32                swb_offset_1024_8 = 0x1cb32
                0x0001cb84                swb_offset_128_8 = 0x1cb84
                0x0001cba4                swb_offset_1024_window = 0x1cba4
                0x0001cbd4                swb_offset_128_window = 0x1cbd4
                0x0001cc04                iq_table = 0x1cc04
                0x0001d008                tns_coef_0_3 = 0x1d008
                0x0001d048                tns_coef_0_4 = 0x1d048
                0x0001d088                tns_coef_1_3 = 0x1d088
                0x0001d0c8                tns_coef_1_4 = 0x1d0c8
                0x0001d108                pow05_table = 0x1d108
                0x0001d124                sample_rates = 0x1d124
                0x0001d154                pred_sfb_max = 0x1d154
                0x0001d160                tns_sbf_max = 0x1d160
                0x0001d1a0                Huffmancb_1 = 0x1d1a0
                0x0001d338                Huffmancb_2 = 0x1d338
                0x0001d470                Huffmancb_3 = 0x1d470
                0x0001d5a8                Huffmancb_4 = 0x1d5a8
                0x0001d6d8                Huffmancb_5 = 0x1d6d8
                0x0001d820                Huffmancb_6 = 0x1d820
                0x0001d960                Huffmancb_7 = 0x1d960
                0x0001da58                Huffmancb_8 = 0x1da58
                0x0001db50                Huffmancb_9 = 0x1db50
                0x0001ddf0                Huffmancb_10 = 0x1ddf0
                0x0001e080                Huffmancb_11 = 0x1e080
                0x0001e540                AACcodeBookDTable = 0x1e540
                0x0001c83c                AAC_SFHUFF_TAB = 0x1c83c
                0x0001ffc4                get_aac_ops = 0x1ffc4
                0x0001e5b8                silk_NLSF_CB_WB = 0x1e5b8
                0x0001ea5c                silk_LTP_vq_ptrs_Q7 = 0x1ea5c
                0x0001ffc8                get_opus_enc_ops = 0x1ffc8
                0x0001ffcc                opus_encode = 0x1ffcc
                0x0001ffd0                silk_Encode = 0x1ffd0
                0x0001ffd4                silk_encode_do_VAD_FIX = 0x1ffd4
                0x0001ffd8                silk_encode_frame_FIX = 0x1ffd8
                0x0001ffdc                silk_find_pitch_lags_FIX = 0x1ffdc
                0x0001ffe0                silk_noise_shape_analysis_FIX = 0x1ffe0
                0x0001ffe4                silk_find_pred_coefs_FIX = 0x1ffe4
                0x0001ffe8                silk_process_gains_FIX = 0x1ffe8
                0x0001ffec                silk_prefilter_FIX = 0x1ffec
                0x0001fff0                silk_NSQ_del_dec_c = 0x1fff0
                0x0001fff4                silk_encode_indices = 0x1fff4
                0x0001fff8                silk_encode_pulses = 0x1fff8
                0x0001fffc                silk_ana_filt_bank_1 = 0x1fffc
                0x00003804                STFT_Win_FixHalf_M512_D160 = 0x3804
                0x00003c04                STFT_Win_FixHalf_M256_D160 = 0x3c04
                0x00003e04                STFT_Win_FixHalf_M256_D80 = 0x3e04
                0x00004004                STFT_Win_FixHalf_M128_D80 = 0x4004
                0x00000004                WOLAAnalysisFilter_Float_M64_m4_r1 = 0x4
                0x00000404                WOLASynthesisFilter_Float_M64_m4_r1 = 0x404
                0x00000804                WOLAAnalysisFilter_Float_M128_m4_r1 = 0x804
                0x00001004                WOLASynthesisFilter_Float_M128_m4_r1 = 0x1004
                0x00001804                WOLAAnalysisFilter_Float_M256_m4_r1 = 0x1804
                0x00002804                WOLASynthesisFilter_Float_M256_m4_r1 = 0x2804
                0x00009914                quantize_intervals_LF = 0x9914
                0x00009a18                invert_quantize_dither_factors_LF = 0x9a18
                0x00009b1c                quantize_dither_factors_LF = 0x9b1c
                0x00009c20                quantize_factor_select_offset_LF = 0x9c20
                0x00009ca4                hd_quantize_intervals_LF = 0x9ca4
                0x0019fc28                boot_arg_list = 0x19fc28
                0x0019fe00                _IRQ_MEM_ADDR = 0x19fe00
                0x0019fc00                _MASK_MEM_BEGIN = 0x19fc00
                0x000001a4                _MASK_MEM_SIZE = 0x1a4
                0x00000080                UPDATA_SIZE = 0x80
                0x0019fb80                UPDATA_BEG = (_MASK_MEM_BEGIN - UPDATA_SIZE)
                0x001a0000                UPDATA_BREDR_BASE_BEG = 0x1a0000
                0x00000100                EX_SEC_SIZE = 0x100
                0x00100000                RAM_LIMIT_L = 0x100000
                0x0019fb80                RAM_LIMIT_H = UPDATA_BEG
                0x0009fb80                PHY_RAM_SIZE = (RAM_LIMIT_H - RAM_LIMIT_L)
                0x0019fe00                ISR_BASE = _IRQ_MEM_ADDR
                0x000001a4                ROM_RAM_SIZE = _MASK_MEM_SIZE
                0x0019fc00                ROM_RAM_BEG = _MASK_MEM_BEGIN
                0x00100000                RAM0_BEG = (RAM_LIMIT_L + 0x0)
                0x0019fb80                RAM0_END = RAM_LIMIT_H
                0x0009fb80                RAM0_SIZE = (RAM0_END - RAM0_BEG)
                0x00100000                RAM1_BEG = RAM_LIMIT_L
                0x00100000                RAM1_END = RAM0_BEG
                0x00000000                RAM1_SIZE = (RAM1_END - RAM1_BEG)
                0x06000120                CODE_BEG = 0x6000120
                0x02000000                PSRAM_BEGIN = 0x2000000
                0x00200000                PSRAM_SIZE = 0x200000
                0x02200000                PSRAM_END = (PSRAM_BEGIN + PSRAM_SIZE)
                0x06000120                . = ORIGIN (code0)

.text           0x06000120    0xf4e50
                [!provide]                PROVIDE (text_rodata_begin, .)
 *(.startup.text)
 .startup.text  0x06000120       0x8e cpu/br28/liba/cpu.a(startup.S.o)
                0x06000120                _start
 *(.text)
 .text          0x060001ae    0x593a2 cpu/br28/tools/sdk.elf.o
                0x06021e38                update_result_get
                0x06022c26                __errno
                0x06022f76                main
 .text          0x06059550       0x96 C:/JL/pi32/pi32v2-lib/r3-large/libm.a(lib_a-s_modf.o)
                0x06059550                modf
 .text          0x060595e6        0xa C:/JL/pi32/pi32v2-lib/r3-large/libm.a(lib_a-wf_sqrt.o)
                0x060595e6                sqrtf
 .text          0x060595f0       0x8c C:/JL/pi32/pi32v2-lib/r3-large/libm.a(lib_a-ef_sqrt.o)
                0x060595f0                __ieee754_sqrtf
 .text          0x0605967c       0x5e C:/JL/pi32/pi32v2-lib/r3-large/libc.a(lib_a-memchr.o)
                0x0605967c                memchr
 .text          0x060596da       0x2c C:/JL/pi32/pi32v2-lib/r3-large/libc.a(lib_a-strcat.o)
                0x060596da                strcat
 .text          0x06059706       0x62 C:/JL/pi32/pi32v2-lib/r3-large/libc.a(lib_a-strncpy.o)
                0x06059706                strncpy
 .text          0x06059768       0x28 C:/JL/pi32/pi32v2-lib/r3-large/libc.a(lib_a-strrchr.o)
                0x06059768                strrchr
 .text          0x06059790       0x1e C:/JL/pi32/pi32v2-lib/r3-large/libc.a(lib_a-tolower.o)
                0x06059790                tolower
 .text          0x060597ae      0x1b8 C:/JL/pi32/pi32v2-lib/r3-large/libcompiler-rt.a(comparedf2.o)
                0x060597ae                __cmpdf2
                0x060597ae                __ledf2
                0x0605985e                __gedf2
                0x06059906                __unorddf2
                0x06059946                __eqdf2
                0x0605994e                __ltdf2
                0x06059956                __nedf2
                0x0605995e                __gtdf2
 .text          0x06059966      0x346 C:/JL/pi32/pi32v2-lib/r3-large/libcompiler-rt.a(divdf3.o)
                0x0605999c                __divdf3
 .text          0x06059cac       0x4c C:/JL/pi32/pi32v2-lib/r3-large/libcompiler-rt.a(floatsidf.o)
                0x06059cac                __floatsidf
 .text          0x06059cf8       0x34 C:/JL/pi32/pi32v2-lib/r3-large/libcompiler-rt.a(floatunsidf.o)
                0x06059cf8                __floatunsidf
 .text          0x06059d2c      0x2fa C:/JL/pi32/pi32v2-lib/r3-large/libcompiler-rt.a(muldf3.o)
                0x06059d62                __muldf3
 .text          0x0605a026        0xc C:/JL/pi32/pi32v2-lib/r3-large/libcompiler-rt.a(subdf3.o)
                0x0605a026                __subdf3
 .text          0x0605a032      0x146 C:/JL/pi32/pi32v2-lib/r3-large/libcompiler-rt.a(truncdfsf2.o)
                0x0605a032                __truncdfsf2
 .text          0x0605a178       0x7a C:/JL/pi32/pi32v2-lib/r3-large/libcompiler-rt.a(extendsfdf2.o)
                0x0605a178                __extendsfdf2
 .text          0x0605a1f2       0x12 C:/JL/pi32/pi32v2-lib/r3-large/libcompiler-rt.a(udivdi3.o)
                0x0605a1f2                __udivdi3
 .text          0x0605a204       0x16 C:/JL/pi32/pi32v2-lib/r3-large/libcompiler-rt.a(umoddi3.o)
                0x0605a204                __umoddi3
                0x0605a21c                . = ALIGN (0x4)
 *fill*         0x0605a21a        0x2 
                0x0605a21c                update_target_begin = .
                [!provide]                PROVIDE (update_target_begin, .)
 *(.update_target)
 .update_target
                0x0605a21c       0x28 cpu/br28/tools/sdk.elf.o
                0x0605a21c                audio_update_target
                0x0605a224                vad_update_target
                0x0605a22c                sd_update_target
                0x0605a234                power_update_target
                0x0605a23c                ble_update_target
                0x0605a244                update_target_end = .
                [!provide]                PROVIDE (update_target_end, .)
                0x0605a244                . = ALIGN (0x4)
 *(.LOG_TAG_CONST*)
 *(.rodata*)
 .rodata.str1.1
                0x0605a244     0x2379 cpu/br28/tools/sdk.elf.o
                               0x23dc (size before relaxing)
 *fill*         0x0605c5bd        0x3 
 .rodata        0x0605c5c0    0x20f72 cpu/br28/tools/sdk.elf.o
 *fill*         0x0607d532        0xe 
 .rodata.str1.16
                0x0607d540     0x2150 cpu/br28/tools/sdk.elf.o
                               0x2145 (size before relaxing)
 .rodata.cst8   0x0607f690       0x10 cpu/br28/tools/sdk.elf.o
 .rodata.cst16  0x0607f6a0       0x40 cpu/br28/tools/sdk.elf.o
 .rodata.cst4   0x0607f6e0        0x4 cpu/br28/tools/sdk.elf.o
 .rodata._ZTV15StaticAllocatorI9floatRealE
                0x0607f6e4       0x10 cpu/br28/tools/sdk.elf.o
 .rodata._ZTV15StaticAllocatorI7fixRealE
                0x0607f6f4       0x10 cpu/br28/tools/sdk.elf.o
 .rodata.cst32  0x0607f704       0x20 cpu/br28/tools/sdk.elf.o
 .rodata        0x0607f724      0x281 C:/JL/pi32/pi32v2-lib/r3-large/libc.a(lib_a-ctype_.o)
                0x0607f8a4                _ctype_
                0x0607f9a8                . = ALIGN (0x4)
 *fill*         0x0607f9a5        0x3 
                [!provide]                PROVIDE (text_rodata_end, .)
                0x0607f9a8                clock_critical_handler_begin = .
 *(.clock_critical_txt)
 .clock_critical_txt
                0x0607f9a8       0x68 cpu/br28/tools/sdk.elf.o
                0x0607f9a8                clock_spi_norflash
                0x0607f9b0                clock_iic
                0x0607f9b8                clock_bt_api
                0x0607f9c0                clock_saradc
                0x0607f9c8                clock_iic_hw
                0x0607f9d0                clock_mcpwm
                0x0607f9d8                clock_uart
                0x0607f9e0                clock_timer
                0x0607f9e8                clock_lrc
                0x0607f9f0                clock_rch
                0x0607f9f8                clock_sdx
                0x0607fa00                clock_port
                0x0607fa08                clock_imd
                0x0607fa10                clock_critical_handler_end = .
                0x0607fa10                chargestore_handler_begin = .
 *(.chargestore_callback_txt)
                0x0607fa10                chargestore_handler_end = .
                0x0607fa10                . = ALIGN (0x4)
                0x0607fa10                pt_module_begin = .
                [!provide]                PROVIDE (pt_module_begin, .)
 *(.pt_module)
                0x0607fa10                pt_module_end = .
                [!provide]                PROVIDE (pt_module_end, .)
 *(.opcore_table_maskrom)
 *(.bfilt_table_maskroom)
 *(.opcore_maskrom)
 .opcore_maskrom
                0x0607fa10      0x996 cpu/br28/tools/sdk.elf.o
 *(.bfilt_code)
 .bfilt_code    0x060803a6      0x358 cpu/br28/tools/sdk.elf.o
 *(.bfilt_const)
                0x06080700                . = ALIGN (0x4)
 *fill*         0x060806fe        0x2 
                0x06080700                __VERSION_BEGIN = .
 *(.sys.version)
 .sys.version   0x06080700       0x23 objs/apps/watch/sdk_version.z.S.o
                0x06080723                __VERSION_END = .
 *(.noop_version)
                0x06080724                . = ALIGN (0x4)
 *fill*         0x06080723        0x1 
                0x06080724                . = ALIGN (0x4)
                0x06080724                tool_interface_begin = .
 *(.tool_interface)
                0x06080724                tool_interface_end = .
                0x06080724                . = ALIGN (0x4)
                0x06080724                cmd_interface_begin = .
 *(.eff_cmd)
                0x06080724                cmd_interface_end = .
                0x06080724                . = ALIGN (0x4)
 *(.st77903_ram_code)
 .st77903_ram_code
                0x06080724     0x1062 cpu/br28/tools/sdk.elf.o
                0x060817a0                . = ALIGN (0x20)
 *fill*         0x06081786       0x1a 
                0x060817a0                m_code_addr = .
 *(.m.code*)
 *(.movable.code*)
                0x00000000                m_code_size = ABSOLUTE ((. - m_code_addr))
                0x060817a0                . = ALIGN (0x20)
                0x060817a0                gsensor_dev_begin = .
 *(.gsensor_dev)
                0x060817a0                gsensor_dev_end = .
                0x060817a0                . = ALIGN (0x4)
                0x060817a0                hrsensor_dev_begin = .
 *(.hrsensor_dev)
                0x060817a0                hrsensor_dev_end = .
                0x060817a0                imusensor_dev_begin = .
 *(.imusensor_dev)
                0x060817a0                imusensor_dev_end = .
                0x060817a0                . = ALIGN (0x4)
                0x060817a0                fm_dev_begin = .
 *(.fm_dev)
                0x060817a0                fm_dev_end = .
                0x060817a0                fm_emitter_dev_begin = .
 *(.fm_emitter_dev)
                0x060817a0                fm_emitter_dev_end = .
                0x060817a0                storage_device_begin = .
 *(.storage_device)
                0x060817a0                storage_device_end = .
                0x060817a0                p11_event_handler_begin = .
 *(.p11_irq_handler)
 .p11_irq_handler
                0x060817a0       0x28 cpu/br28/tools/sdk.elf.o
                0x060817c8                p11_event_handler_end = .
                0x060817c8                _watch_syscfg_begin = .
                0x060817c8                PROVIDE (watch_syscfg_begin, .)
 *(.watch_syscfg)
 .watch_syscfg  0x060817c8        0xc cpu/br28/tools/sdk.elf.o
                0x060817c8                watch_select_ops
                0x060817d4                _watch_syscfg_end = .
                0x060817d4                PROVIDE (watch_syscfg_end, .)
                0x060817d4                . = ALIGN (0x4)
 *(.usb.text)
 .usb.text      0x060817d4        0x4 cpu/br28/tools/sdk.elf.o
 *(.usb.text.const)
 .usb.text.const
                0x060817d8        0x4 cpu/br28/tools/sdk.elf.o
                0x060817e0                . = ALIGN (0x20)
 *fill*         0x060817dc        0x4 
                0x060817e0                update_code_start = .
 *(.bt_updata_ram_code)
 .bt_updata_ram_code
                0x060817e0       0xaa cpu/br28/tools/sdk.elf.o
 *(.update_const)
 *fill*         0x0608188a        0x2 
 .update_const  0x0608188c      0x152 cpu/br28/tools/sdk.elf.o
 *(.update_code)
 .update_code   0x060819de     0x1baa cpu/br28/tools/sdk.elf.o
                0x06083588                update_code_end = .
                0x06083588                . = ALIGN (0x4)
                0x06083588                btstack_code_start = .
                0x06083588                . = ALIGN (0x4)
                0x06083588                a2dp_source_media_codec_begin = .
 *(.a2dp_source_media_codec)
 .a2dp_source_media_codec
                0x06083588       0x30 cpu/br28/tools/sdk.elf.o
                0x06083588                a2dp_source_lc3_codec
                0x060835a0                a2dp_source_sbc_codec
                0x060835b8                a2dp_source_media_codec_end = .
                0x060835b8                a2dp_sink_media_probe_begin = .
 *(.a2dp_sink_media_probe)
                0x060835b8                a2dp_sink_media_probe_end = .
                0x060835b8                a2dp_sink_media_codec_begin = .
 *(.a2dp_sink_media_codec)
 .a2dp_sink_media_codec
                0x060835b8       0x30 cpu/br28/tools/sdk.elf.o
                0x060835b8                a2dp_1sbc_codec_private
                0x060835d0                a2dp_2aac_sink_codec
                0x060835e8                a2dp_sink_media_codec_end = .
                0x060835e8                a2dp_event_handler_begin = .
 *(.a2dp_event_handler)
 .a2dp_event_handler
                0x060835e8       0x70 cpu/br28/tools/sdk.elf.o
                0x060835e8                a2dp_sink_event_handler
                0x06083604                a2dp_source_event_handler
                0x06083620                acp_a2dp_event_handler
                0x0608363c                acp_a2dp_src_event_handler
                0x06083658                a2dp_event_handler_end = .
                0x06083658                sdp_record_item_begin = .
 *(.sdp_record_item)
 .sdp_record_item
                0x06083658       0x78 cpu/br28/tools/sdk.elf.o
                0x06083658                a2dp_sdp_record_item
                0x06083664                a2dp_src_sdp_record_item
                0x06083670                arp_ct_sdp_record_item
                0x0608367c                arp_ta_sdp_record_item
                0x06083688                hfp_ag_sdp_record_item
                0x06083694                hfp_sdp_record_item
                0x060836a0                hid_sdp_record_item
                0x060836ac                pnp_sdp_record_item
                0x060836b8                spp_sdp_record_item
                0x060836c4                spp_user_sdp_record_item
                0x060836d0                sdp_record_item_end = .
                0x060836d0                bt_sleep_begin = .
 *(.bt_sleep)
 .bt_sleep      0x060836d0       0x6c cpu/br28/tools/sdk.elf.o
                0x060836d0                bt_suspend_a2dp_resumea2dp_release
                0x060836dc                bt_suspend_avctp_resumeavctp_release
                0x060836e8                bt_suspend_hfp_resumehfp_release
                0x060836f4                bt_suspend_user_cmd_loop_resumeuser_cmd_loop_release
                0x06083700                bt_suspend_hid_resumehid_release
                0x0608370c                bt_suspend_spp_resumespp_release
                0x06083718                bt_suspend_spp_up_resumespp_up_release
                0x06083724                bt_suspend_iap_resumeiap_release
                0x06083730                bt_suspend_sdp_resumesdp_release
                0x0608373c                bt_sleep_end = .
 *(.bt_stack_const)
 .bt_stack_const
                0x0608373c      0x9b8 cpu/br28/tools/sdk.elf.o
 *(.bt_stack_code)
 .bt_stack_code
                0x060840f4     0xf53a cpu/br28/tools/sdk.elf.o
 *(.ble_db_const)
 *(.ble_db_code)
 .ble_db_code   0x0609362e      0x1c0 cpu/br28/tools/sdk.elf.o
 *(.ble_sm_const)
 *fill*         0x060937ee        0x2 
 .ble_sm_const  0x060937f0       0xe7 cpu/br28/tools/sdk.elf.o
 *(.ble_sm_code)
 *fill*         0x060938d7        0x1 
 .ble_sm_code   0x060938d8     0x33b8 cpu/br28/tools/sdk.elf.o
 *(.ble_att_const)
 .ble_att_const
                0x06096c90       0x17 cpu/br28/tools/sdk.elf.o
 *(.ble_att_code)
 *fill*         0x06096ca7        0x1 
 .ble_att_code  0x06096ca8      0x846 cpu/br28/tools/sdk.elf.o
 *(.ble_gatt_const)
 *(.ble_gatt_code)
 .ble_gatt_code
                0x060974ee     0x1690 cpu/br28/tools/sdk.elf.o
                0x06098b7e                BTSTACK_LE_HOST_MESH_CODE_START = .
 *(.ble_mesh_code)
 *(.ble_mesh_tinycrypt_code)
 *(.ble_mesh_const)
 *(.ble_mesh_tinycrypt_const)
                0x00000000                BTSTACK_LE_HOST_MESH_CODE_SIZE = ABSOLUTE ((. - BTSTACK_LE_HOST_MESH_CODE_START))
                0x06098b7e                btstack_code_end = .
                0x06098b80                . = ALIGN (0x4)
 *fill*         0x06098b7e        0x2 
                0x06098b80                . = ALIGN (0x4)
                0x06098b80                system_text_start = .
                0x06098b80                _device_node_begin = .
                0x06098b80                PROVIDE (device_node_begin, .)
 *(.device)
 .device        0x06098b80       0x3c cpu/br28/tools/sdk.elf.o
                0x06098b80                device_table
                0x06098bbc                _device_node_end = .
                0x06098bbc                PROVIDE (device_node_end, .)
                0x06098bbc                config_target_begin = .
                [!provide]                PROVIDE (config_target_begin, .)
 *(.config_target)
                0x06098bbc                config_target_end = .
                [!provide]                PROVIDE (config_target_end, .)
                0x06098bbc                system_code_begin = .
 *(.system.*.text)
 .system.fs.text
                0x06098bbc     0x98e8 cpu/br28/tools/sdk.elf.o
 .system.lbuf.text
                0x060a24a4      0x4a0 cpu/br28/tools/sdk.elf.o
 .system.printf.text
                0x060a2944     0x12c2 cpu/br28/tools/sdk.elf.o
 .system.device.text
                0x060a3c06      0x122 cpu/br28/tools/sdk.elf.o
 .system.cpu.text
                0x060a3d28     0x11f2 cpu/br28/tools/sdk.elf.o
 .system.ascii.text
                0x060a4f1a      0x146 cpu/br28/tools/sdk.elf.o
 .system.timer.text
                0x060a5060      0xb0c cpu/br28/tools/sdk.elf.o
 .system.cbuf.text
                0x060a5b6c      0x2fc cpu/br28/tools/sdk.elf.o
 .system.event.text
                0x060a5e68      0x524 cpu/br28/tools/sdk.elf.o
 .system.cfg_tool.text
                0x060a638c      0x7ac cpu/br28/tools/sdk.elf.o
 .system.app_core.text
                0x060a6b38      0x194 cpu/br28/tools/sdk.elf.o
 .system.task.text
                0x060a6ccc       0xd4 cpu/br28/tools/sdk.elf.o
 .system.init.text
                0x060a6da0       0xa4 cpu/br28/tools/sdk.elf.o
                0x060a6daa                boot_info_init
                0x060a6dd4                cpu1_main
 .system.libc.text
                0x060a6e44      0x59c cpu/br28/tools/sdk.elf.o
                0x060a73e0                system_code_end = .
                0x060a73e0                . = ALIGN (0x4)
                0x0000e824                system_code_size = (system_code_end - system_code_begin)
                0x060a73e0                vfs_ops_begin = .
 *(.vfs_operations)
 .vfs_operations
                0x060a73e0      0x244 cpu/br28/tools/sdk.elf.o
                0x060a73e0                nor_fs_vfs_ops
                0x060a7454                fat_vfs_ops
                0x060a74c8                fat_sdfile_fat_ops
                0x060a753c                sdfile_vfs_ops
                0x060a75b0                nor_sdfile_vfs_ops
                0x060a7624                vfs_ops_end = .
                0x060a7624                _lib_version_begin = .
                [!provide]                PROVIDE (lib_version_begin, .)
 *(.lib_version)
 .lib_version   0x060a7624        0xc cpu/br28/tools/sdk.elf.o
                0x060a7624                __version_fatfs
                0x060a7628                __version_sdfile
                0x060a762c                __version_fs
                0x060a7630                _lib_version_end = .
                [!provide]                PROVIDE (lib_version_end, .)
                0x060a7630                _initcall_begin = .
                0x060a7630                PROVIDE (initcall_begin, .)
 *(.initcall)
 .initcall      0x060a7630        0xc cpu/br28/tools/sdk.elf.o
                0x060a7630                __initcall_trim_timer_add
                0x060a7634                __initcall_app_update_init
                0x060a7638                __initcall_audio_voice_changer_init
                0x060a763c                _initcall_end = .
                0x060a763c                PROVIDE (initcall_end, .)
                0x060a763c                _early_initcall_begin = .
                0x060a763c                PROVIDE (early_initcall_begin, .)
 *(.early.initcall)
 .early.initcall
                0x060a763c        0x8 cpu/br28/tools/sdk.elf.o
                0x060a763c                __initcall_sys_event_init
                0x060a7640                __initcall_sdfile_init
                0x060a7644                _early_initcall_end = .
                0x060a7644                PROVIDE (early_initcall_end, .)
                0x060a7644                _late_initcall_begin = .
                0x060a7644                PROVIDE (late_initcall_begin, .)
 *(.late.initcall)
 .late.initcall
                0x060a7644        0xc cpu/br28/tools/sdk.elf.o
                0x060a7644                __initcall_test_simple_trans
                0x060a7648                __initcall_misc_setting_opt_setting_init
                0x060a764c                __initcall_sdk_meky_check
                0x060a7650                _late_initcall_end = .
                0x060a7650                PROVIDE (late_initcall_end, .)
                0x060a7650                _platform_initcall_begin = .
                0x060a7650                PROVIDE (platform_initcall_begin, .)
 *(.platform.initcall)
 .platform.initcall
                0x060a7650       0x10 cpu/br28/tools/sdk.elf.o
                0x060a7650                __initcall_bt_init_music_device_style
                0x060a7654                __initcall_bt_init_a2dp_en_status
                0x060a7658                __initcall_debug_record_init
                0x060a765c                __initcall_syscfg_tools_init
                0x060a7660                _platform_initcall_end = .
                0x060a7660                PROVIDE (platform_initcall_end, .)
                0x060a7660                _module_initcall_begin = .
                0x060a7660                PROVIDE (module_initcall_begin, .)
 *(.module.initcall)
                0x060a7660                _module_initcall_end = .
                0x060a7660                PROVIDE (module_initcall_end, .)
                0x060a7660                _sys_event_handler_begin = .
                0x060a7660                PROVIDE (sys_event_handler_begin, .)
 *(.sys_event.4.handler)
 .sys_event.4.handler
                0x060a7660        0x8 cpu/br28/tools/sdk.elf.o
                0x060a7660                __event_handler_bt_tws_event_handler
 *(.sys_event.3.handler)
 *(.sys_event.2.handler)
 .sys_event.2.handler
                0x060a7668        0x8 cpu/br28/tools/sdk.elf.o
                0x060a7668                __event_handler_alarm_event_handler
 *(.sys_event.1.handler)
 *(.sys_event.0.handler)
 .sys_event.0.handler
                0x060a7670        0x8 cpu/br28/tools/sdk.elf.o
                0x060a7670                __event_handler_app_sys_event_probe_handler
                0x060a7678                _sys_event_handler_end = .
                0x060a7678                PROVIDE (sys_event_handler_end, .)
                0x060a7678                _syscfg_arg_begin = .
                [!provide]                PROVIDE (syscfg_arg_begin, .)
 *(.syscfg.arg)
                0x060a7678                _syscfg_arg_end = .
                [!provide]                PROVIDE (syscfg_arg_end, .)
                0x060a7678                _syscfg_handler_begin = .
                [!provide]                PROVIDE (syscfg_handler_begin, .)
 *(.syscfg.handler)
                0x060a7678                _syscfg_handler_end = .
                [!provide]                PROVIDE (syscfg_handler_end, .)
                0x060a7678                _syscfg_ops_begin = .
                0x060a7678                PROVIDE (syscfg_ops_begin, .)
 *(.syscfg.2.ops)
 .syscfg.2.ops  0x060a7678       0x1c cpu/br28/tools/sdk.elf.o
                0x060a7678                cfg_btif
 *(.syscfg.1.ops)
 .syscfg.1.ops  0x060a7694       0x1c cpu/br28/tools/sdk.elf.o
                0x060a7694                cfg_vm
 *(.syscfg.0.ops)
 .syscfg.0.ops  0x060a76b0       0x1c cpu/br28/tools/sdk.elf.o
                0x060a76b0                cfg_bin
                0x060a76cc                _syscfg_ops_end = .
                0x060a76cc                PROVIDE (syscfg_ops_end, .)
                0x060a76cc                _server_info_begin = .
                [!provide]                PROVIDE (server_info_begin, .)
 *(.server_info)
                0x060a76cc                _server_info_end = .
                [!provide]                PROVIDE (server_info_end, .)
                0x060a76cc                _bus_device_begin = .
                [!provide]                PROVIDE (bus_device_begin, .)
 *(.bus_device)
                0x060a76cc                _bus_device_end = .
                [!provide]                PROVIDE (bus_device_end, .)
                0x060a76cc                _sys_power_hal_ops_begin = .
                [!provide]                PROVIDE (sys_power_hal_ops_begin, .)
 *(.sys_power_hal_ops)
                0x060a76cc                _sys_power_hal_ops_end = .
                [!provide]                PROVIDE (sys_power_hal_ops_end, .)
                0x060a76cc                . = ALIGN (0x4)
                0x060a76cc                _record_handle_begin = .
                0x060a76cc                PROVIDE (record_handle_begin, .)
 *(.debug_record_handle_ops)
 .debug_record_handle_ops
                0x060a76cc       0x60 cpu/br28/tools/sdk.elf.o
                0x060a76cc                driver_record
                0x060a76dc                p11_record
                0x060a76ec                ret_instruction_record
                0x060a76fc                sys_stack_record
                0x060a770c                system_record
                0x060a771c                task_record
                0x060a772c                _record_handle_end = .
                0x060a772c                PROVIDE (record_handle_end, .)
                0x060a772c                crypto_begin = .
 *(.crypto_ecdh_code)
 *(.crypto_ecdh_const)
 *(.crypto_bigint_code)
 .crypto_bigint_code
                0x060a772c      0x444 cpu/br28/tools/sdk.elf.o
 *(.crypto_bigint_const)
 *(.crypto_code)
 .crypto_code   0x060a7b70      0x4f0 cpu/br28/tools/sdk.elf.o
 *(.crypto_const)
 .crypto_const  0x060a8060      0x171 cpu/br28/tools/sdk.elf.o
 *(.ECDH_sample_code)
 *(.ECDH_sample_const)
 *(.uECC_code)
 *fill*         0x060a81d1        0x1 
 .uECC_code     0x060a81d2     0x1002 cpu/br28/tools/sdk.elf.o
 *(.uECC_const)
 .uECC_const    0x060a91d4      0x160 cpu/br28/tools/sdk.elf.o
 *(.hmac_code)
 .hmac_code     0x060a9334      0x4d0 cpu/br28/tools/sdk.elf.o
 *(.hmac_const)
 *(.hash_sample_code)
 *(.hash_sample_const)
 *(.aes_cmac_sample_code)
 *(.aes_cmac_sample_const)
                0x060a9804                crypto_end = .
                0x000020d8                crypto_size = (. - crypto_begin)
 *(.mem_code)
 *(.mem_const)
 *(.os_port_code)
 *(.os_port_const)
 *(.os_const)
 .os_const      0x060a9804       0x18 cpu/br28/tools/sdk.elf.o
 *(.fat_data_code)
 .fat_data_code
                0x060a981c      0x5ae cpu/br28/tools/sdk.elf.o
 *(.fat_data_code_ex)
 .fat_data_code_ex
                0x060a9dca      0x558 cpu/br28/tools/sdk.elf.o
 *(.virfat_flash_code)
 .virfat_flash_code
                0x060aa322      0x15e cpu/br28/tools/sdk.elf.o
 *(.math_fast_funtion_code)
 .math_fast_funtion_code
                0x060aa480       0x70 cpu/br28/tools/sdk.elf.o
                0x060aa4f0                __movable_function_start = .
 *(movable.text.*)
 *(movable.stub.*)
 *(movable.region.*)
                0x060aa4f0                __movable_function_end = .
                0x00000000                __movable_function_size = (__movable_function_end - __movable_function_start)
                0x060aa4f0                system_text_end = .
                0x00011970                system_code_total_size = (system_text_end - system_text_start)
                0x060aa4f0                btctler_code_start = .
                0x060aa4f0                BTCTLER_CONTROLLER_CODE_START = .
 *(.bt_rf_const)
 .bt_rf_const   0x060aa4f0      0x5ec cpu/br28/tools/sdk.elf.o
 *(.bt_rf_code)
 .bt_rf_code    0x060aaadc     0x1ad0 cpu/br28/tools/sdk.elf.o
 *(.vendor_manager_const)
 *(.vendor_manager_code)
 *(.device_manager_const)
 *(.device_manager_code)